Archive member included to satisfy reference by file (symbol)

c:/st/stm32cubeide_1.9.0/stm32cubeide/plugins/com.st.stm32cube.ide.mcu.externaltools.gnu-tools-for-stm32.10.3-2021.10.win32_1.0.0.202111181127/tools/bin/../lib/gcc/arm-none-eabi/10.3.1/../../../../arm-none-eabi/lib/thumb/v7e-m+fp/hard\libc_nano.a(lib_a-errno.o)
                              ./Core/Src/syscalls.o (__errno)
c:/st/stm32cubeide_1.9.0/stm32cubeide/plugins/com.st.stm32cube.ide.mcu.externaltools.gnu-tools-for-stm32.10.3-2021.10.win32_1.0.0.202111181127/tools/bin/../lib/gcc/arm-none-eabi/10.3.1/../../../../arm-none-eabi/lib/thumb/v7e-m+fp/hard\libc_nano.a(lib_a-exit.o)
                              c:/st/stm32cubeide_1.9.0/stm32cubeide/plugins/com.st.stm32cube.ide.mcu.externaltools.gnu-tools-for-stm32.10.3-2021.10.win32_1.0.0.202111181127/tools/bin/../lib/gcc/arm-none-eabi/10.3.1/../../../../arm-none-eabi/lib/thumb/v7e-m+fp/hard/crt0.o (exit)
c:/st/stm32cubeide_1.9.0/stm32cubeide/plugins/com.st.stm32cube.ide.mcu.externaltools.gnu-tools-for-stm32.10.3-2021.10.win32_1.0.0.202111181127/tools/bin/../lib/gcc/arm-none-eabi/10.3.1/../../../../arm-none-eabi/lib/thumb/v7e-m+fp/hard\libc_nano.a(lib_a-impure.o)
                              c:/st/stm32cubeide_1.9.0/stm32cubeide/plugins/com.st.stm32cube.ide.mcu.externaltools.gnu-tools-for-stm32.10.3-2021.10.win32_1.0.0.202111181127/tools/bin/../lib/gcc/arm-none-eabi/10.3.1/../../../../arm-none-eabi/lib/thumb/v7e-m+fp/hard\libc_nano.a(lib_a-exit.o) (_global_impure_ptr)
c:/st/stm32cubeide_1.9.0/stm32cubeide/plugins/com.st.stm32cube.ide.mcu.externaltools.gnu-tools-for-stm32.10.3-2021.10.win32_1.0.0.202111181127/tools/bin/../lib/gcc/arm-none-eabi/10.3.1/../../../../arm-none-eabi/lib/thumb/v7e-m+fp/hard\libc_nano.a(lib_a-init.o)
                              c:/st/stm32cubeide_1.9.0/stm32cubeide/plugins/com.st.stm32cube.ide.mcu.externaltools.gnu-tools-for-stm32.10.3-2021.10.win32_1.0.0.202111181127/tools/bin/../lib/gcc/arm-none-eabi/10.3.1/../../../../arm-none-eabi/lib/thumb/v7e-m+fp/hard/crt0.o (__libc_init_array)
c:/st/stm32cubeide_1.9.0/stm32cubeide/plugins/com.st.stm32cube.ide.mcu.externaltools.gnu-tools-for-stm32.10.3-2021.10.win32_1.0.0.202111181127/tools/bin/../lib/gcc/arm-none-eabi/10.3.1/../../../../arm-none-eabi/lib/thumb/v7e-m+fp/hard\libc_nano.a(lib_a-lcltime.o)
                              ./Common/Src/RTC.o (localtime)
c:/st/stm32cubeide_1.9.0/stm32cubeide/plugins/com.st.stm32cube.ide.mcu.externaltools.gnu-tools-for-stm32.10.3-2021.10.win32_1.0.0.202111181127/tools/bin/../lib/gcc/arm-none-eabi/10.3.1/../../../../arm-none-eabi/lib/thumb/v7e-m+fp/hard\libc_nano.a(lib_a-lcltime_r.o)
                              c:/st/stm32cubeide_1.9.0/stm32cubeide/plugins/com.st.stm32cube.ide.mcu.externaltools.gnu-tools-for-stm32.10.3-2021.10.win32_1.0.0.202111181127/tools/bin/../lib/gcc/arm-none-eabi/10.3.1/../../../../arm-none-eabi/lib/thumb/v7e-m+fp/hard\libc_nano.a(lib_a-lcltime.o) (localtime_r)
c:/st/stm32cubeide_1.9.0/stm32cubeide/plugins/com.st.stm32cube.ide.mcu.externaltools.gnu-tools-for-stm32.10.3-2021.10.win32_1.0.0.202111181127/tools/bin/../lib/gcc/arm-none-eabi/10.3.1/../../../../arm-none-eabi/lib/thumb/v7e-m+fp/hard\libc_nano.a(lib_a-malloc.o)
                              ./Common/Src/ADC.o (malloc)
c:/st/stm32cubeide_1.9.0/stm32cubeide/plugins/com.st.stm32cube.ide.mcu.externaltools.gnu-tools-for-stm32.10.3-2021.10.win32_1.0.0.202111181127/tools/bin/../lib/gcc/arm-none-eabi/10.3.1/../../../../arm-none-eabi/lib/thumb/v7e-m+fp/hard\libc_nano.a(lib_a-memcpy-stub.o)
                              ./Common/Src/GEST.o (memcpy)
c:/st/stm32cubeide_1.9.0/stm32cubeide/plugins/com.st.stm32cube.ide.mcu.externaltools.gnu-tools-for-stm32.10.3-2021.10.win32_1.0.0.202111181127/tools/bin/../lib/gcc/arm-none-eabi/10.3.1/../../../../arm-none-eabi/lib/thumb/v7e-m+fp/hard\libc_nano.a(lib_a-memset.o)
                              c:/st/stm32cubeide_1.9.0/stm32cubeide/plugins/com.st.stm32cube.ide.mcu.externaltools.gnu-tools-for-stm32.10.3-2021.10.win32_1.0.0.202111181127/tools/bin/../lib/gcc/arm-none-eabi/10.3.1/../../../../arm-none-eabi/lib/thumb/v7e-m+fp/hard/crt0.o (memset)
c:/st/stm32cubeide_1.9.0/stm32cubeide/plugins/com.st.stm32cube.ide.mcu.externaltools.gnu-tools-for-stm32.10.3-2021.10.win32_1.0.0.202111181127/tools/bin/../lib/gcc/arm-none-eabi/10.3.1/../../../../arm-none-eabi/lib/thumb/v7e-m+fp/hard\libc_nano.a(lib_a-mktime.o)
                              ./Common/Src/RTC.o (mktime)
c:/st/stm32cubeide_1.9.0/stm32cubeide/plugins/com.st.stm32cube.ide.mcu.externaltools.gnu-tools-for-stm32.10.3-2021.10.win32_1.0.0.202111181127/tools/bin/../lib/gcc/arm-none-eabi/10.3.1/../../../../arm-none-eabi/lib/thumb/v7e-m+fp/hard\libc_nano.a(lib_a-month_lengths.o)
[...]
Memory Configuration

Name             Origin             Length             Attributes
RAM              0x0000000020000000 0x0000000000010000 xrw
RAM2             0x0000000010000000 0x0000000000004000 xrw
FLASH            0x0000000008000000 0x0000000000020000 xr
*default*        0x0000000000000000 0xffffffffffffffff

Linker script and memory map

LOAD c:/st/stm32cubeide_1.9.0/stm32cubeide/plugins/com.st.stm32cube.ide.mcu.externaltools.gnu-tools-for-stm32.10.3-2021.10.win32_1.0.0.202111181127/tools/bin/../lib/gcc/arm-none-eabi/10.3.1/thumb/v7e-m+fp/hard/crti.o
LOAD c:/st/stm32cubeide_1.9.0/stm32cubeide/plugins/com.st.stm32cube.ide.mcu.externaltools.gnu-tools-for-stm32.10.3-2021.10.win32_1.0.0.202111181127/tools/bin/../lib/gcc/arm-none-eabi/10.3.1/thumb/v7e-m+fp/hard/crtbegin.o
LOAD c:/st/stm32cubeide_1.9.0/stm32cubeide/plugins/com.st.stm32cube.ide.mcu.externaltools.gnu-tools-for-stm32.10.3-2021.10.win32_1.0.0.202111181127/tools/bin/../lib/gcc/arm-none-eabi/10.3.1/../../../../arm-none-eabi/lib/thumb/v7e-m+fp/hard/crt0.o
LOAD ./Common/Src/ADC.o
LOAD ./Common/Src/COM.o
LOAD ./Common/Src/ELM.o
LOAD ./Common/Src/GEST.o
LOAD ./Common/Src/MCAN.o
LOAD ./Common/Src/OW.o
LOAD ./Common/Src/RTC.o
LOAD ./Common/Src/TEMP.o
LOAD ./Common/Src/UI.o
LOAD ./Common/Src/VARS.o
LOAD ./Common/Src/circbuf.o
LOAD ./Common/Src/watchdog.o
LOAD ./Core/Src/APP.o
LOAD ./Core/Src/EVSE.o
LOAD ./Core/Src/ST7066U.o
LOAD ./Core/Src/di.o
LOAD ./Core/Src/main.o
LOAD ./Core/Src/scheduler.o
LOAD ./Core/Src/stm32l4xx_hal_msp.o
LOAD ./Core/Src/stm32l4xx_it.o
LOAD ./Core/Src/syscalls.o
LOAD ./Core/Src/sysmem.o
LOAD ./Core/Src/system_stm32l4xx.o
LOAD ./Core/Startup/startup_stm32l431cbtx.o
LOAD ./Drivers/STM32L4xx_HAL_Driver/Src/stm32l4xx_hal.o
LOAD ./Drivers/STM32L4xx_HAL_Driver/Src/stm32l4xx_hal_adc.o
LOAD ./Drivers/STM32L4xx_HAL_Driver/Src/stm32l4xx_hal_adc_ex.o
LOAD ./Drivers/STM32L4xx_HAL_Driver/Src/stm32l4xx_hal_can.o
LOAD ./Drivers/STM32L4xx_HAL_Driver/Src/stm32l4xx_hal_cortex.o
LOAD ./Drivers/STM32L4xx_HAL_Driver/Src/stm32l4xx_hal_dma.o
LOAD ./Drivers/STM32L4xx_HAL_Driver/Src/stm32l4xx_hal_dma_ex.o
LOAD ./Drivers/STM32L4xx_HAL_Driver/Src/stm32l4xx_hal_exti.o
LOAD ./Drivers/STM32L4xx_HAL_Driver/Src/stm32l4xx_hal_flash.o
LOAD ./Drivers/STM32L4xx_HAL_Driver/Src/stm32l4xx_hal_flash_ex.o
LOAD ./Drivers/STM32L4xx_HAL_Driver/Src/stm32l4xx_hal_flash_ramfunc.o
LOAD ./Drivers/STM32L4xx_HAL_Driver/Src/stm32l4xx_hal_gpio.o
LOAD ./Drivers/STM32L4xx_HAL_Driver/Src/stm32l4xx_hal_i2c.o
LOAD ./Drivers/STM32L4xx_HAL_Driver/Src/stm32l4xx_hal_i2c_ex.o
LOAD ./Drivers/STM32L4xx_HAL_Driver/Src/stm32l4xx_hal_iwdg.o
LOAD ./Drivers/STM32L4xx_HAL_Driver/Src/stm32l4xx_hal_pwr.o
LOAD ./Drivers/STM32L4xx_HAL_Driver/Src/stm32l4xx_hal_pwr_ex.o
LOAD ./Drivers/STM32L4xx_HAL_Driver/Src/stm32l4xx_hal_rcc.o
LOAD ./Drivers/STM32L4xx_HAL_Driver/Src/stm32l4xx_hal_rcc_ex.o
LOAD ./Drivers/STM32L4xx_HAL_Driver/Src/stm32l4xx_hal_rtc.o
LOAD ./Drivers/STM32L4xx_HAL_Driver/Src/stm32l4xx_hal_rtc_ex.o
LOAD ./Drivers/STM32L4xx_HAL_Driver/Src/stm32l4xx_hal_tim.o
LOAD ./Drivers/STM32L4xx_HAL_Driver/Src/stm32l4xx_hal_tim_ex.o
START GROUP
LOAD c:/st/stm32cubeide_1.9.0/stm32cubeide/plugins/com.st.stm32cube.ide.mcu.externaltools.gnu-tools-for-stm32.10.3-2021.10.win32_1.0.0.202111181127/tools/bin/../lib/gcc/arm-none-eabi/10.3.1/../../../../arm-none-eabi/lib/thumb/v7e-m+fp/hard\libc_nano.a
LOAD c:/st/stm32cubeide_1.9.0/stm32cubeide/plugins/com.st.stm32cube.ide.mcu.externaltools.gnu-tools-for-stm32.10.3-2021.10.win32_1.0.0.202111181127/tools/bin/../lib/gcc/arm-none-eabi/10.3.1/../../../../arm-none-eabi/lib/thumb/v7e-m+fp/hard\libm.a
END GROUP
START GROUP
LOAD c:/st/stm32cubeide_1.9.0/stm32cubeide/plugins/com.st.stm32cube.ide.mcu.externaltools.gnu-tools-for-stm32.10.3-2021.10.win32_1.0.0.202111181127/tools/bin/../lib/gcc/arm-none-eabi/10.3.1/thumb/v7e-m+fp/hard\libgcc.a
LOAD c:/st/stm32cubeide_1.9.0/stm32cubeide/plugins/com.st.stm32cube.ide.mcu.externaltools.gnu-tools-for-stm32.10.3-2021.10.win32_1.0.0.202111181127/tools/bin/../lib/gcc/arm-none-eabi/10.3.1/../../../../arm-none-eabi/lib/thumb/v7e-m+fp/hard\libc_nano.a
END GROUP
START GROUP
LOAD c:/st/stm32cubeide_1.9.0/stm32cubeide/plugins/com.st.stm32cube.ide.mcu.externaltools.gnu-tools-for-stm32.10.3-2021.10.win32_1.0.0.202111181127/tools/bin/../lib/gcc/arm-none-eabi/10.3.1/thumb/v7e-m+fp/hard\libgcc.a
LOAD c:/st/stm32cubeide_1.9.0/stm32cubeide/plugins/com.st.stm32cube.ide.mcu.externaltools.gnu-tools-for-stm32.10.3-2021.10.win32_1.0.0.202111181127/tools/bin/../lib/gcc/arm-none-eabi/10.3.1/../../../../arm-none-eabi/lib/thumb/v7e-m+fp/hard\libc_nano.a
LOAD c:/st/stm32cubeide_1.9.0/stm32cubeide/plugins/com.st.stm32cube.ide.mcu.externaltools.gnu-tools-for-stm32.10.3-2021.10.win32_1.0.0.202111181127/tools/bin/../lib/gcc/arm-none-eabi/10.3.1/../../../../arm-none-eabi/lib/thumb/v7e-m+fp/hard\libnosys.a
END GROUP
START GROUP
LOAD c:/st/stm32cubeide_1.9.0/stm32cubeide/plugins/com.st.stm32cube.ide.mcu.externaltools.gnu-tools-for-stm32.10.3-2021.10.win32_1.0.0.202111181127/tools/bin/../lib/gcc/arm-none-eabi/10.3.1/thumb/v7e-m+fp/hard\libgcc.a
LOAD c:/st/stm32cubeide_1.9.0/stm32cubeide/plugins/com.st.stm32cube.ide.mcu.externaltools.gnu-tools-for-stm32.10.3-2021.10.win32_1.0.0.202111181127/tools/bin/../lib/gcc/arm-none-eabi/10.3.1/../../../../arm-none-eabi/lib/thumb/v7e-m+fp/hard\libc_nano.a
LOAD c:/st/stm32cubeide_1.9.0/stm32cubeide/plugins/com.st.stm32cube.ide.mcu.externaltools.gnu-tools-for-stm32.10.3-2021.10.win32_1.0.0.202111181127/tools/bin/../lib/gcc/arm-none-eabi/10.3.1/../../../../arm-none-eabi/lib/thumb/v7e-m+fp/hard\libnosys.a
END GROUP
LOAD c:/st/stm32cubeide_1.9.0/stm32cubeide/plugins/com.st.stm32cube.ide.mcu.externaltools.gnu-tools-for-stm32.10.3-2021.10.win32_1.0.0.202111181127/tools/bin/../lib/gcc/arm-none-eabi/10.3.1/thumb/v7e-m+fp/hard/crtend.o
LOAD c:/st/stm32cubeide_1.9.0/stm32cubeide/plugins/com.st.stm32cube.ide.mcu.externaltools.gnu-tools-for-stm32.10.3-2021.10.win32_1.0.0.202111181127/tools/bin/../lib/gcc/arm-none-eabi/10.3.1/thumb/v7e-m+fp/hard/crtn.o
                0x0000000020010000                _estack = (ORIGIN (RAM) + LENGTH (RAM))
                0x0000000000000200                _Min_Heap_Size = 0x200
                0x0000000000000400                _Min_Stack_Size = 0x400

.isr_vector     0x0000000008000000      0x18c
                0x0000000008000000                . = ALIGN (0x4)
 *(.isr_vector)
 .isr_vector    0x0000000008000000      0x18c ./Core/Startup/startup_stm32l431cbtx.o
                0x0000000008000000                g_pfnVectors
                0x000000000800018c                . = ALIGN (0x4)

.text           0x0000000008000190     0xbb50
                0x0000000008000190                . = ALIGN (0x4)
 *(.text)
 .text          0x0000000008000190       0x40 c:/st/stm32cubeide_1.9.0/stm32cubeide/plugins/com.st.stm32cube.ide.mcu.externaltools.gnu-tools-for-stm32.10.3-2021.10.win32_1.0.0.202111181127/tools/bin/../lib/gcc/arm-none-eabi/10.3.1/thumb/v7e-m+fp/hard/crtbegin.o
 .text          0x00000000080001d0       0x10 c:/st/stm32cubeide_1.9.0/stm32cubeide/plugins/com.st.stm32cube.ide.mcu.externaltools.gnu-tools-for-stm32.10.3-2021.10.win32_1.0.0.202111181127/tools/bin/../lib/gcc/arm-none-eabi/10.3.1/../../../../arm-none-eabi/lib/thumb/v7e-m+fp/hard\libc_nano.a(lib_a-strlen.o)
                0x00000000080001d0                strlen
 .text          0x00000000080001e0       0x14 c:/st/stm32cubeide_1.9.0/stm32cubeide/plugins/com.st.stm32cube.ide.mcu.externaltools.gnu-tools-for-stm32.10.3-2021.10.win32_1.0.0.202111181127/tools/bin/../lib/gcc/arm-none-eabi/10.3.1/../../../../arm-none-eabi/lib/thumb/v7e-m+fp/hard\libc_nano.a(lib_a-strcmp.o)
                0x00000000080001e0                strcmp
 *fill*         0x00000000080001f4        0xc 
 .text          0x0000000008000200       0xa0 c:/st/stm32cubeide_1.9.0/stm32cubeide/plugins/com.st.stm32cube.ide.mcu.externaltools.gnu-tools-for-stm32.10.3-2021.10.win32_1.0.0.202111181127/tools/bin/../lib/gcc/arm-none-eabi/10.3.1/../../../../arm-none-eabi/lib/thumb/v7e-m+fp/hard\libc_nano.a(lib_a-memchr.o)
                0x0000000008000200                memchr
 .text          0x00000000080002a0      0x254 c:/st/stm32cubeide_1.9.0/stm32cubeide/plugins/com.st.stm32cube.ide.mcu.externaltools.gnu-tools-for-stm32.10.3-2021.10.win32_1.0.0.202111181127/tools/bin/../lib/gcc/arm-none-eabi/10.3.1/thumb/v7e-m+fp/hard\libgcc.a(_arm_muldf3.o)
                0x00000000080002a0                __muldf3
                0x00000000080002a0                __aeabi_dmul
 .text          0x00000000080004f4      0x378 c:/st/stm32cubeide_1.9.0/stm32cubeide/plugins/com.st.stm32cube.ide.mcu.externaltools.gnu-tools-for-stm32.10.3-2021.10.win32_1.0.0.202111181127/tools/bin/../lib/gcc/arm-none-eabi/10.3.1/thumb/v7e-m+fp/hard\libgcc.a(_arm_addsubdf3.o)
                0x00000000080004f4                __aeabi_drsub
                0x00000000080004fc                __aeabi_dsub
                0x00000000080004fc                __subdf3
                0x0000000008000500                __aeabi_dadd
                0x0000000008000500                __adddf3
                0x0000000008000778                __floatunsidf
                0x0000000008000778                __aeabi_ui2d
                0x0000000008000798                __floatsidf
                0x0000000008000798                __aeabi_i2d
                0x00000000080007bc                __aeabi_f2d
                0x00000000080007bc                __extendsfdf2
                0x0000000008000800                __floatundidf
                0x0000000008000800                __aeabi_ul2d
                0x0000000008000810                __floatdidf
                0x0000000008000810                __aeabi_l2d
 .text          0x000000000800086c      0x110 c:/st/stm32cubeide_1.9.0/stm32cubeide/plugins/com.st.stm32cube.ide.mcu.externaltools.gnu-tools-for-stm32.10.3-2021.10.win32_1.0.0.202111181127/tools/bin/../lib/gcc/arm-none-eabi/10.3.1/thumb/v7e-m+fp/hard\libgcc.a(_arm_cmpdf2.o)
                0x000000000800086c                __gtdf2
                0x000000000800086c                __gedf2
                0x0000000008000874                __ltdf2
                0x0000000008000874                __ledf2
                0x000000000800087c                __nedf2
                0x000000000800087c                __eqdf2
                0x000000000800087c                __cmpdf2
                0x00000000080008f8                __aeabi_cdrcmple
                0x0000000008000908                __aeabi_cdcmpeq
                0x0000000008000908                __aeabi_cdcmple
                0x0000000008000918                __aeabi_dcmpeq
                0x000000000800092c                __aeabi_dcmplt
                0x0000000008000940                __aeabi_dcmple
                0x0000000008000954                __aeabi_dcmpge
                0x0000000008000968                __aeabi_dcmpgt
 .text          0x000000000800097c       0xa0 c:/st/stm32cubeide_1.9.0/stm32cubeide/plugins/com.st.stm32cube.ide.mcu.externaltools.gnu-tools-for-stm32.10.3-2021.10.win32_1.0.0.202111181127/tools/bin/../lib/gcc/arm-none-eabi/10.3.1/thumb/v7e-m+fp/hard\libgcc.a(_aeabi_ldivmod.o)
                0x000000000800097c                __aeabi_ldivmod
 .text          0x0000000008000a1c      0x2d0 c:/st/stm32cubeide_1.9.0/stm32cubeide/plugins/com.st.stm32cube.ide.mcu.externaltools.gnu-tools-for-stm32.10.3-2021.10.win32_1.0.0.202111181127/tools/bin/../lib/gcc/arm-none-eabi/10.3.1/thumb/v7e-m+fp/hard\libgcc.a(_udivmoddi4.o)
                0x0000000008000a1c                __udivmoddi4
 .text          0x0000000008000cec        0x4 c:/st/stm32cubeide_1.9.0/stm32cubeide/plugins/com.st.stm32cube.ide.mcu.externaltools.gnu-tools-for-stm32.10.3-2021.10.win32_1.0.0.202111181127/tools/bin/../lib/gcc/arm-none-eabi/10.3.1/thumb/v7e-m+fp/hard\libgcc.a(_dvmd_tls.o)
                0x0000000008000cec                __aeabi_idiv0
                0x0000000008000cec                __aeabi_ldiv0
 *(.text*)
 .text.ADC_Init
                0x0000000008000cf0       0x58 ./Common/Src/ADC.o
                0x0000000008000cf0                ADC_Init
 .text.ADC_StartConversion
                0x0000000008000d48       0x30 ./Common/Src/ADC.o
                0x0000000008000d48                ADC_StartConversion
 .text.ADC_GetValue
                0x0000000008000d78       0x40 ./Common/Src/ADC.o
                0x0000000008000d78                ADC_GetValue
 .text.HAL_ADC_ConvCpltCallback
                0x0000000008000db8       0x20 ./Common/Src/ADC.o
                0x0000000008000db8                HAL_ADC_ConvCpltCallback
 .text.COM_Init
                0x0000000008000dd8       0x20 ./Common/Src/COM.o
                0x0000000008000dd8                COM_Init
 .text.COM_GetRxMessage
                0x0000000008000df8       0x18 ./Common/Src/COM.o
                0x0000000008000df8                COM_GetRxMessage
 .text.COM_Update_10ms
                0x0000000008000e10       0xe4 ./Common/Src/COM.o
                0x0000000008000e10                COM_Update_10ms
 .text.SendVariable
                0x0000000008000ef4       0x90 ./Common/Src/COM.o
 .text.ELM_Init
                0x0000000008000f84       0x44 ./Common/Src/ELM.o
                0x0000000008000f84                ELM_Init
 .text.ELM_AddMeter
                0x0000000008000fc8       0xa8 ./Common/Src/ELM.o
                0x0000000008000fc8                ELM_AddMeter
 .text.ELM_Update_1s
                0x0000000008001070      0x118 ./Common/Src/ELM.o
                0x0000000008001070                ELM_Update_1s
 .text.ELM_GetConsumptionWh
                0x0000000008001188       0x40 ./Common/Src/ELM.o
                0x0000000008001188                ELM_GetConsumptionWh
 .text.ELM_GetPowerW
                0x00000000080011c8       0x40 ./Common/Src/ELM.o
                0x00000000080011c8                ELM_GetPowerW
 .text.ELM_ResetConsumption
                0x0000000008001208       0x3c ./Common/Src/ELM.o
                0x0000000008001208                ELM_ResetConsumption
 .text.ELM_ExtiCallback
                0x0000000008001244       0xb4 ./Common/Src/ELM.o
                0x0000000008001244                ELM_ExtiCallback
 .text.MCAN_Init
                0x00000000080012f8      0x148 ./Common/Src/MCAN.o
                0x00000000080012f8                MCAN_Init
 .text.MCAN_Start
                0x0000000008001440       0x34 ./Common/Src/MCAN.o
                0x0000000008001440                MCAN_Start
 .text.MCAN_Update_10ms
                0x0000000008001474      0x118 ./Common/Src/MCAN.o
                0x0000000008001474                MCAN_Update_10ms
 .text.MCAN_Transmit
                0x000000000800158c       0x50 ./Common/Src/MCAN.o
                0x000000000800158c                MCAN_Transmit
 .text.MCAN_GetRxMessage
                0x00000000080015dc       0x2c ./Common/Src/MCAN.o
                0x00000000080015dc                MCAN_GetRxMessage
 .text.MCAN_SendFrame
                0x0000000008001608       0x54 ./Common/Src/MCAN.o
                0x0000000008001608                MCAN_SendFrame
 .text.Send     0x000000000800165c       0x30 ./Common/Src/MCAN.o
 .text.HAL_CAN_RxFifo0MsgPendingCallback
                0x000000000800168c       0x40 ./Common/Src/MCAN.o
                0x000000000800168c                HAL_CAN_RxFifo0MsgPendingCallback
 .text.HAL_CAN_RxFifo1MsgPendingCallback
                0x00000000080016cc       0x40 ./Common/Src/MCAN.o
                0x00000000080016cc                HAL_CAN_RxFifo1MsgPendingCallback
 .text.Set_Filter_Id_Mask
                0x000000000800170c       0x74 ./Common/Src/MCAN.o
                0x000000000800170c                Set_Filter_Id_Mask
 .text.Filter_Calc_Mask_Code
                0x0000000008001780       0x86 ./Common/Src/MCAN.o
                0x0000000008001780                Filter_Calc_Mask_Code
 *fill*         0x0000000008001806        0x2 
 .text.RTC_GetTime
                0x0000000008001808       0x70 ./Common/Src/RTC.o
                0x0000000008001808                RTC_GetTime
 .text.RTC_SetTime
                0x0000000008001878       0x70 ./Common/Src/RTC.o
                0x0000000008001878                RTC_SetTime
 .text.RTC_SetUnixTime
                0x00000000080018e8       0x6e ./Common/Src/RTC.o
                0x00000000080018e8                RTC_SetUnixTime
 *fill*         0x0000000008001956        0x2 
 .text.UI_Init  0x0000000008001958       0x60 ./Common/Src/UI.o
                0x0000000008001958                UI_Init
 .text.UI_Struct_Initialisation
                0x00000000080019b8       0x28 ./Common/Src/UI.o
                0x00000000080019b8                UI_Struct_Initialisation
 .text.UI_Update_10ms
                0x00000000080019e0       0x20 ./Common/Src/UI.o
                0x00000000080019e0                UI_Update_10ms
 .text.UI_LED_R_SetMode
                0x0000000008001a00       0x30 ./Common/Src/UI.o
                0x0000000008001a00                UI_LED_R_SetMode
 .text.UI_LED_Life_SetMode
                0x0000000008001a30       0x30 ./Common/Src/UI.o
                0x0000000008001a30                UI_LED_Life_SetMode
 .text.UI_Control
                0x0000000008001a60      0x4cc ./Common/Src/UI.o
 .text.VAR_Init
                0x0000000008001f2c       0x4c ./Common/Src/VARS.o
                0x0000000008001f2c                VAR_Init
 .text.VAR_GetVariable
                0x0000000008001f78       0x68 ./Common/Src/VARS.o
                0x0000000008001f78                VAR_GetVariable
 .text.VAR_SetVariable
                0x0000000008001fe0       0x40 ./Common/Src/VARS.o
                0x0000000008001fe0                VAR_SetVariable
 .text.CB_Create
                0x0000000008002020       0x58 ./Common/Src/circbuf.o
                0x0000000008002020                CB_Create
 .text.CB_IsEmpty
                0x0000000008002078       0x3a ./Common/Src/circbuf.o
                0x0000000008002078                CB_IsEmpty
 .text.CB_Probe
                0x00000000080020b2       0x5a ./Common/Src/circbuf.o
                0x00000000080020b2                CB_Probe
 .text.CB_Remove
                0x000000000800210c       0x58 ./Common/Src/circbuf.o
                0x000000000800210c                CB_Remove
 .text.CB_Get   0x0000000008002164       0x7a ./Common/Src/circbuf.o
                0x0000000008002164                CB_Get
 .text.CB_Put   0x00000000080021de       0x92 ./Common/Src/circbuf.o
                0x00000000080021de                CB_Put
 .text.WDG_Init
                0x0000000008002270       0x50 ./Common/Src/watchdog.o
                0x0000000008002270                WDG_Init
 .text.WDG_Refresh
                0x00000000080022c0       0x14 ./Common/Src/watchdog.o
                0x00000000080022c0                WDG_Refresh
 .text.APP_Init
                0x00000000080022d4       0x88 ./Core/Src/APP.o
                0x00000000080022d4                APP_Init
 .text.APP_Start
                0x000000000800235c       0x50 ./Core/Src/APP.o
                0x000000000800235c                APP_Start
 .text.APP_Update_100ms
                0x00000000080023ac      0x1d4 ./Core/Src/APP.o
                0x00000000080023ac                APP_Update_100ms
 .text.ProcessMessage
                0x0000000008002580       0xdc ./Core/Src/APP.o
 .text.HAL_GPIO_EXTI_Callback
                0x000000000800265c       0x1a ./Core/Src/APP.o
                0x000000000800265c                HAL_GPIO_EXTI_Callback
 *fill*         0x0000000008002676        0x2 
 .text.EVSE_Init
                0x0000000008002678       0x78 ./Core/Src/EVSE.o
                0x0000000008002678                EVSE_Init
 .text.EVSE_Update_100ms
                0x00000000080026f0      0x1f0 ./Core/Src/EVSE.o
                0x00000000080026f0                EVSE_Update_100ms
 .text.EVSE_GetStatus
                0x00000000080028e0       0x18 ./Core/Src/EVSE.o
                0x00000000080028e0                EVSE_GetStatus
 .text.EVSE_SetCurrentLimit
                0x00000000080028f8       0x40 ./Core/Src/EVSE.o
                0x00000000080028f8                EVSE_SetCurrentLimit
 .text.EVSE_GetActualPower
                0x0000000008002938       0x18 ./Core/Src/EVSE.o
                0x0000000008002938                EVSE_GetActualPower
 .text.EVSE_GetCurrentLimit
                0x0000000008002950       0x18 ./Core/Src/EVSE.o
                0x0000000008002950                EVSE_GetCurrentLimit
 .text.EVSE_GetThisCons
                0x0000000008002968       0x18 ./Core/Src/EVSE.o
                0x0000000008002968                EVSE_GetThisCons
 .text.SetCurrent
                0x0000000008002980       0x70 ./Core/Src/EVSE.o
 .text.WriteDataToBus
                0x00000000080029f0       0x3a ./Core/Src/ST7066U.o
                0x00000000080029f0                WriteDataToBus
 .text.LCD_Init
                0x0000000008002a2a       0x4a ./Core/Src/ST7066U.o
                0x0000000008002a2a                LCD_Init
 .text.LCD_Set_Position
                0x0000000008002a74       0x44 ./Core/Src/ST7066U.o
                0x0000000008002a74                LCD_Set_Position
 .text.LCD_SendCmd
                0x0000000008002ab8       0x54 ./Core/Src/ST7066U.o
                0x0000000008002ab8                LCD_SendCmd
 .text.LCD_SendData
                0x0000000008002b0c       0x50 ./Core/Src/ST7066U.o
                0x0000000008002b0c                LCD_SendData
 .text.LCD_Send_Text
                0x0000000008002b5c       0x34 ./Core/Src/ST7066U.o
                0x0000000008002b5c                LCD_Send_Text
 .text.LCD_Refresf_Display
                0x0000000008002b90      0x1c0 ./Core/Src/ST7066U.o
                0x0000000008002b90                LCD_Refresf_Display
 .text.LCD_Insert_New_Text
                0x0000000008002d50       0x6c ./Core/Src/ST7066U.o
                0x0000000008002d50                LCD_Insert_New_Text
 .text.DI_Init  0x0000000008002dbc       0x78 ./Core/Src/di.o
                0x0000000008002dbc                DI_Init
 .text.DI_Struct_Initialisation
                0x0000000008002e34       0x5c ./Core/Src/di.o
 .text.DI_Read  0x0000000008002e90       0x96 ./Core/Src/di.o
                0x0000000008002e90                DI_Read
 *fill*         0x0000000008002f26        0x2 
 .text.DI_Get   0x0000000008002f28       0x38 ./Core/Src/di.o
                0x0000000008002f28                DI_Get
 .text.DI_Read_All
                0x0000000008002f60       0x3c ./Core/Src/di.o
                0x0000000008002f60                DI_Read_All
 .text.OnChange
                0x0000000008002f9c       0x14 ./Core/Src/di.o
 .text.main     0x0000000008002fb0       0x32 ./Core/Src/main.o
                0x0000000008002fb0                main
 .text.SystemClock_Config
                0x0000000008002fe2       0xa6 ./Core/Src/main.o
                0x0000000008002fe2                SystemClock_Config
 .text.MX_ADC1_Init
                0x0000000008003088       0xcc ./Core/Src/main.o
 .text.MX_CAN1_Init
                0x0000000008003154       0x6c ./Core/Src/main.o
 .text.MX_IWDG_Init
                0x00000000080031c0       0x3c ./Core/Src/main.o
 .text.MX_RTC_Init
                0x00000000080031fc       0x54 ./Core/Src/main.o
 .text.MX_TIM1_Init
                0x0000000008003250      0x144 ./Core/Src/main.o
 .text.MX_DMA_Init
                0x0000000008003394       0x3c ./Core/Src/main.o
 .text.MX_GPIO_Init
                0x00000000080033d0      0x12c ./Core/Src/main.o
 .text.Error_Handler
                0x00000000080034fc        0xa ./Core/Src/main.o
                0x00000000080034fc                Error_Handler
 *fill*         0x0000000008003506        0x2 
 .text.Scheduler_Init
                0x0000000008003508       0x64 ./Core/Src/scheduler.o
                0x0000000008003508                Scheduler_Init
 .text.Scheduler_Update_1ms
                0x000000000800356c       0x58 ./Core/Src/scheduler.o
                0x000000000800356c                Scheduler_Update_1ms
 .text.Timer_Increment
                0x00000000080035c4       0x38 ./Core/Src/scheduler.o
 .text.Scheduler_Check_Flag
                0x00000000080035fc       0xb8 ./Core/Src/scheduler.o
                0x00000000080035fc                Scheduler_Check_Flag
 .text.Timer_Task_1ms
                0x00000000080036b4        0xc ./Core/Src/scheduler.o
 .text.Timer_Task_5ms
                0x00000000080036c0        0xc ./Core/Src/scheduler.o
 .text.Timer_Task_10ms
                0x00000000080036cc       0x14 ./Core/Src/scheduler.o
 .text.Timer_Task_50ms
                0x00000000080036e0        0xe ./Core/Src/scheduler.o
 .text.Timer_Task_100ms
                0x00000000080036ee        0xe ./Core/Src/scheduler.o
 .text.Timer_Task_250ms
                0x00000000080036fc       0x14 ./Core/Src/scheduler.o
 .text.Timer_Task_500ms
                0x0000000008003710        0xe ./Core/Src/scheduler.o
 .text.Timer_Task_1s
                0x000000000800371e       0x10 ./Core/Src/scheduler.o
 *fill*         0x000000000800372e        0x2 
 .text.HAL_MspInit
                0x0000000008003730       0x48 ./Core/Src/stm32l4xx_hal_msp.o
                0x0000000008003730                HAL_MspInit
 .text.HAL_ADC_MspInit
                0x0000000008003778      0x138 ./Core/Src/stm32l4xx_hal_msp.o
                0x0000000008003778                HAL_ADC_MspInit
 .text.HAL_CAN_MspInit
                0x00000000080038b0       0xb8 ./Core/Src/stm32l4xx_hal_msp.o
                0x00000000080038b0                HAL_CAN_MspInit
 .text.HAL_RTC_MspInit
                0x0000000008003968       0x60 ./Core/Src/stm32l4xx_hal_msp.o
                0x0000000008003968                HAL_RTC_MspInit
 .text.HAL_TIM_PWM_MspInit
                0x00000000080039c8       0x40 ./Core/Src/stm32l4xx_hal_msp.o
                0x00000000080039c8                HAL_TIM_PWM_MspInit
 .text.HAL_TIM_MspPostInit
                0x0000000008003a08       0x70 ./Core/Src/stm32l4xx_hal_msp.o
                0x0000000008003a08                HAL_TIM_MspPostInit
 .text.NMI_Handler
                0x0000000008003a78        0x6 ./Core/Src/stm32l4xx_it.o
                0x0000000008003a78                NMI_Handler
 .text.HardFault_Handler
                0x0000000008003a7e        0x6 ./Core/Src/stm32l4xx_it.o
                0x0000000008003a7e                HardFault_Handler
 .text.MemManage_Handler
                0x0000000008003a84        0x6 ./Core/Src/stm32l4xx_it.o
                0x0000000008003a84                MemManage_Handler
 .text.BusFault_Handler
                0x0000000008003a8a        0x6 ./Core/Src/stm32l4xx_it.o
                0x0000000008003a8a                BusFault_Handler
 .text.UsageFault_Handler
                0x0000000008003a90        0x6 ./Core/Src/stm32l4xx_it.o
                0x0000000008003a90                UsageFault_Handler
 .text.SVC_Handler
                0x0000000008003a96        0xe ./Core/Src/stm32l4xx_it.o
                0x0000000008003a96                SVC_Handler
 .text.DebugMon_Handler
                0x0000000008003aa4        0xe ./Core/Src/stm32l4xx_it.o
                0x0000000008003aa4                DebugMon_Handler
 .text.PendSV_Handler
                0x0000000008003ab2        0xe ./Core/Src/stm32l4xx_it.o
                0x0000000008003ab2                PendSV_Handler
 .text.SysTick_Handler
                0x0000000008003ac0       0x10 ./Core/Src/stm32l4xx_it.o
                0x0000000008003ac0                SysTick_Handler
 .text.DMA1_Channel1_IRQHandler
                0x0000000008003ad0       0x14 ./Core/Src/stm32l4xx_it.o
                0x0000000008003ad0                DMA1_Channel1_IRQHandler
 .text.ADC1_IRQHandler
                0x0000000008003ae4       0x14 ./Core/Src/stm32l4xx_it.o
                0x0000000008003ae4                ADC1_IRQHandler
 .text.CAN1_TX_IRQHandler
                0x0000000008003af8       0x14 ./Core/Src/stm32l4xx_it.o
                0x0000000008003af8                CAN1_TX_IRQHandler
 .text.CAN1_RX0_IRQHandler
                0x0000000008003b0c       0x14 ./Core/Src/stm32l4xx_it.o
                0x0000000008003b0c                CAN1_RX0_IRQHandler
 .text.CAN1_RX1_IRQHandler
                0x0000000008003b20       0x14 ./Core/Src/stm32l4xx_it.o
                0x0000000008003b20                CAN1_RX1_IRQHandler
 .text.EXTI9_5_IRQHandler
                0x0000000008003b34       0x10 ./Core/Src/stm32l4xx_it.o
                0x0000000008003b34                EXTI9_5_IRQHandler
 .text._getpid  0x0000000008003b44       0x10 ./Core/Src/syscalls.o
                0x0000000008003b44                _getpid
 .text._kill    0x0000000008003b54       0x20 ./Core/Src/syscalls.o
                0x0000000008003b54                _kill
 .text._exit    0x0000000008003b74       0x14 ./Core/Src/syscalls.o
                0x0000000008003b74                _exit
 .text._read    0x0000000008003b88       0x3a ./Core/Src/syscalls.o
                0x0000000008003b88                _read
 .text._write   0x0000000008003bc2       0x38 ./Core/Src/syscalls.o
                0x0000000008003bc2                _write
 .text._close   0x0000000008003bfa       0x18 ./Core/Src/syscalls.o
                0x0000000008003bfa                _close
 .text._fstat   0x0000000008003c12       0x20 ./Core/Src/syscalls.o
                0x0000000008003c12                _fstat
 .text._isatty  0x0000000008003c32       0x16 ./Core/Src/syscalls.o
                0x0000000008003c32                _isatty
 .text._lseek   0x0000000008003c48       0x1a ./Core/Src/syscalls.o
                0x0000000008003c48                _lseek
 *fill*         0x0000000008003c62        0x2 
 .text._sbrk    0x0000000008003c64       0x6c ./Core/Src/sysmem.o
                0x0000000008003c64                _sbrk
 .text.SystemInit
                0x0000000008003cd0       0x24 ./Core/Src/system_stm32l4xx.o
                0x0000000008003cd0                SystemInit
 .text.Reset_Handler
                0x0000000008003cf4       0x50 ./Core/Startup/startup_stm32l431cbtx.o
                0x0000000008003cf4                Reset_Handler
 .text.Default_Handler
                0x0000000008003d44        0x2 ./Core/Startup/startup_stm32l431cbtx.o
                0x0000000008003d44                RTC_Alarm_IRQHandler
                0x0000000008003d44                EXTI2_IRQHandler
                0x0000000008003d44                TIM1_CC_IRQHandler
                0x0000000008003d44                TSC_IRQHandler
                0x0000000008003d44                TAMP_STAMP_IRQHandler
                0x0000000008003d44                EXTI3_IRQHandler
                0x0000000008003d44                LPTIM2_IRQHandler
                0x0000000008003d44                I2C3_ER_IRQHandler
                0x0000000008003d44                EXTI0_IRQHandler
                0x0000000008003d44                I2C2_EV_IRQHandler
                0x0000000008003d44                FPU_IRQHandler
                0x0000000008003d44                TIM1_UP_TIM16_IRQHandler
                0x0000000008003d44                SPI1_IRQHandler
                0x0000000008003d44                TIM6_DAC_IRQHandler
                0x0000000008003d44                DMA2_Channel2_IRQHandler
                0x0000000008003d44                DMA1_Channel4_IRQHandler
                0x0000000008003d44                USART3_IRQHandler
                0x0000000008003d44                DMA1_Channel7_IRQHandler
                0x0000000008003d44                DMA2_Channel1_IRQHandler
                0x0000000008003d44                QUADSPI_IRQHandler
                0x0000000008003d44                I2C1_EV_IRQHandler
                0x0000000008003d44                DMA1_Channel6_IRQHandler
                0x0000000008003d44                DMA2_Channel4_IRQHandler
                0x0000000008003d44                RCC_IRQHandler
                0x0000000008003d44                TIM1_TRG_COM_IRQHandler
                0x0000000008003d44                Default_Handler
                0x0000000008003d44                DMA2_Channel7_IRQHandler
                0x0000000008003d44                EXTI15_10_IRQHandler
                0x0000000008003d44                TIM7_IRQHandler
                0x0000000008003d44                SDMMC1_IRQHandler
                0x0000000008003d44                I2C3_EV_IRQHandler
                0x0000000008003d44                RTC_WKUP_IRQHandler
                0x0000000008003d44                PVD_PVM_IRQHandler
                0x0000000008003d44                SPI2_IRQHandler
                0x0000000008003d44                DMA2_Channel5_IRQHandler
                0x0000000008003d44                CRS_IRQHandler
                0x0000000008003d44                DMA1_Channel5_IRQHandler
                0x0000000008003d44                EXTI4_IRQHandler
                0x0000000008003d44                RNG_IRQHandler
                0x0000000008003d44                DMA1_Channel3_IRQHandler
                0x0000000008003d44                COMP_IRQHandler
                0x0000000008003d44                WWDG_IRQHandler
                0x0000000008003d44                LPUART1_IRQHandler
                0x0000000008003d44                DMA2_Channel6_IRQHandler
                0x0000000008003d44                TIM2_IRQHandler
                0x0000000008003d44                EXTI1_IRQHandler
                0x0000000008003d44                USART2_IRQHandler
                0x0000000008003d44                I2C2_ER_IRQHandler
                0x0000000008003d44                DMA1_Channel2_IRQHandler
                0x0000000008003d44                CAN1_SCE_IRQHandler
                0x0000000008003d44                FLASH_IRQHandler
                0x0000000008003d44                USART1_IRQHandler
                0x0000000008003d44                SPI3_IRQHandler
                0x0000000008003d44                I2C1_ER_IRQHandler
                0x0000000008003d44                SWPMI1_IRQHandler
                0x0000000008003d44                LPTIM1_IRQHandler
                0x0000000008003d44                SAI1_IRQHandler
                0x0000000008003d44                DMA2_Channel3_IRQHandler
                0x0000000008003d44                TIM1_BRK_TIM15_IRQHandler
 .text.HAL_Init
                0x0000000008003d46       0x30 ./Drivers/STM32L4xx_HAL_Driver/Src/stm32l4xx_hal.o
                0x0000000008003d46                HAL_Init
 *fill*         0x0000000008003d76        0x2 
 .text.HAL_InitTick
                0x0000000008003d78       0x78 ./Drivers/STM32L4xx_HAL_Driver/Src/stm32l4xx_hal.o
                0x0000000008003d78                HAL_InitTick
 .text.HAL_IncTick
                0x0000000008003df0       0x28 ./Drivers/STM32L4xx_HAL_Driver/Src/stm32l4xx_hal.o
                0x0000000008003df0                HAL_IncTick
 .text.HAL_GetTick
                0x0000000008003e18       0x18 ./Drivers/STM32L4xx_HAL_Driver/Src/stm32l4xx_hal.o
                0x0000000008003e18                HAL_GetTick
 .text.HAL_Delay
                0x0000000008003e30       0x48 ./Drivers/STM32L4xx_HAL_Driver/Src/stm32l4xx_hal.o
                0x0000000008003e30                HAL_Delay
 .text.LL_ADC_SetCommonClock
                0x0000000008003e78       0x26 ./Drivers/STM32L4xx_HAL_Driver/Src/stm32l4xx_hal_adc.o
 .text.LL_ADC_SetCommonPathInternalCh
                0x0000000008003e9e       0x26 ./Drivers/STM32L4xx_HAL_Driver/Src/stm32l4xx_hal_adc.o
 .text.LL_ADC_GetCommonPathInternalCh
                0x0000000008003ec4       0x1c ./Drivers/STM32L4xx_HAL_Driver/Src/stm32l4xx_hal_adc.o
 .text.LL_ADC_SetOffset
                0x0000000008003ee0       0x48 ./Drivers/STM32L4xx_HAL_Driver/Src/stm32l4xx_hal_adc.o
 .text.LL_ADC_GetOffsetChannel
                0x0000000008003f28       0x2c ./Drivers/STM32L4xx_HAL_Driver/Src/stm32l4xx_hal_adc.o
 .text.LL_ADC_SetOffsetState
                0x0000000008003f54       0x36 ./Drivers/STM32L4xx_HAL_Driver/Src/stm32l4xx_hal_adc.o
 .text.LL_ADC_REG_IsTriggerSourceSWStart
                0x0000000008003f8a       0x26 ./Drivers/STM32L4xx_HAL_Driver/Src/stm32l4xx_hal_adc.o
 .text.LL_ADC_REG_SetSequencerRanks
                0x0000000008003fb0       0x58 ./Drivers/STM32L4xx_HAL_Driver/Src/stm32l4xx_hal_adc.o
 .text.LL_ADC_INJ_IsTriggerSourceSWStart
                0x0000000008004008       0x26 ./Drivers/STM32L4xx_HAL_Driver/Src/stm32l4xx_hal_adc.o
 .text.LL_ADC_SetChannelSamplingTime
                0x000000000800402e       0x56 ./Drivers/STM32L4xx_HAL_Driver/Src/stm32l4xx_hal_adc.o
 .text.LL_ADC_SetChannelSingleDiff
                0x0000000008004084       0x48 ./Drivers/STM32L4xx_HAL_Driver/Src/stm32l4xx_hal_adc.o
 .text.LL_ADC_DisableDeepPowerDown
                0x00000000080040cc       0x24 ./Drivers/STM32L4xx_HAL_Driver/Src/stm32l4xx_hal_adc.o
 .text.LL_ADC_IsDeepPowerDownEnabled
                0x00000000080040f0       0x28 ./Drivers/STM32L4xx_HAL_Driver/Src/stm32l4xx_hal_adc.o
 .text.LL_ADC_EnableInternalRegulator
                0x0000000008004118       0x28 ./Drivers/STM32L4xx_HAL_Driver/Src/stm32l4xx_hal_adc.o
 .text.LL_ADC_IsInternalRegulatorEnabled
                0x0000000008004140       0x28 ./Drivers/STM32L4xx_HAL_Driver/Src/stm32l4xx_hal_adc.o
 .text.LL_ADC_Enable
                0x0000000008004168       0x28 ./Drivers/STM32L4xx_HAL_Driver/Src/stm32l4xx_hal_adc.o
 .text.LL_ADC_Disable
                0x0000000008004190       0x28 ./Drivers/STM32L4xx_HAL_Driver/Src/stm32l4xx_hal_adc.o
 .text.LL_ADC_IsEnabled
                0x00000000080041b8       0x26 ./Drivers/STM32L4xx_HAL_Driver/Src/stm32l4xx_hal_adc.o
 .text.LL_ADC_IsDisableOngoing
                0x00000000080041de       0x26 ./Drivers/STM32L4xx_HAL_Driver/Src/stm32l4xx_hal_adc.o
 .text.LL_ADC_REG_StartConversion
                0x0000000008004204       0x28 ./Drivers/STM32L4xx_HAL_Driver/Src/stm32l4xx_hal_adc.o
 .text.LL_ADC_REG_StopConversion
                0x000000000800422c       0x28 ./Drivers/STM32L4xx_HAL_Driver/Src/stm32l4xx_hal_adc.o
 .text.LL_ADC_REG_IsConversionOngoing
                0x0000000008004254       0x26 ./Drivers/STM32L4xx_HAL_Driver/Src/stm32l4xx_hal_adc.o
 .text.LL_ADC_INJ_StopConversion
                0x000000000800427a       0x28 ./Drivers/STM32L4xx_HAL_Driver/Src/stm32l4xx_hal_adc.o
 .text.LL_ADC_INJ_IsConversionOngoing
                0x00000000080042a2       0x26 ./Drivers/STM32L4xx_HAL_Driver/Src/stm32l4xx_hal_adc.o
 .text.HAL_ADC_Init
                0x00000000080042c8      0x290 ./Drivers/STM32L4xx_HAL_Driver/Src/stm32l4xx_hal_adc.o
                0x00000000080042c8                HAL_ADC_Init
 .text.HAL_ADC_Start_DMA
                0x0000000008004558      0x108 ./Drivers/STM32L4xx_HAL_Driver/Src/stm32l4xx_hal_adc.o
                0x0000000008004558                HAL_ADC_Start_DMA
 .text.HAL_ADC_Stop_DMA
                0x0000000008004660       0xc2 ./Drivers/STM32L4xx_HAL_Driver/Src/stm32l4xx_hal_adc.o
                0x0000000008004660                HAL_ADC_Stop_DMA
 .text.HAL_ADC_IRQHandler
                0x0000000008004722      0x368 ./Drivers/STM32L4xx_HAL_Driver/Src/stm32l4xx_hal_adc.o
                0x0000000008004722                HAL_ADC_IRQHandler
 .text.HAL_ADC_ConvHalfCpltCallback
                0x0000000008004a8a       0x14 ./Drivers/STM32L4xx_HAL_Driver/Src/stm32l4xx_hal_adc.o
                0x0000000008004a8a                HAL_ADC_ConvHalfCpltCallback
 .text.HAL_ADC_LevelOutOfWindowCallback
                0x0000000008004a9e       0x14 ./Drivers/STM32L4xx_HAL_Driver/Src/stm32l4xx_hal_adc.o
                0x0000000008004a9e                HAL_ADC_LevelOutOfWindowCallback
 .text.HAL_ADC_ErrorCallback
                0x0000000008004ab2       0x14 ./Drivers/STM32L4xx_HAL_Driver/Src/stm32l4xx_hal_adc.o
                0x0000000008004ab2                HAL_ADC_ErrorCallback
 *fill*         0x0000000008004ac6        0x2 
 .text.HAL_ADC_ConfigChannel
                0x0000000008004ac8      0x7c0 ./Drivers/STM32L4xx_HAL_Driver/Src/stm32l4xx_hal_adc.o
                0x0000000008004ac8                HAL_ADC_ConfigChannel
 .text.ADC_ConversionStop
                0x0000000008005288      0x178 ./Drivers/STM32L4xx_HAL_Driver/Src/stm32l4xx_hal_adc.o
                0x0000000008005288                ADC_ConversionStop
 .text.ADC_Enable
                0x0000000008005400       0xc4 ./Drivers/STM32L4xx_HAL_Driver/Src/stm32l4xx_hal_adc.o
                0x0000000008005400                ADC_Enable
 .text.ADC_Disable
                0x00000000080054c4       0xbe ./Drivers/STM32L4xx_HAL_Driver/Src/stm32l4xx_hal_adc.o
                0x00000000080054c4                ADC_Disable
 .text.ADC_DMAConvCplt
                0x0000000008005582       0xd8 ./Drivers/STM32L4xx_HAL_Driver/Src/stm32l4xx_hal_adc.o
                0x0000000008005582                ADC_DMAConvCplt
 .text.ADC_DMAHalfConvCplt
                0x000000000800565a       0x1c ./Drivers/STM32L4xx_HAL_Driver/Src/stm32l4xx_hal_adc.o
                0x000000000800565a                ADC_DMAHalfConvCplt
 .text.ADC_DMAError
                0x0000000008005676       0x34 ./Drivers/STM32L4xx_HAL_Driver/Src/stm32l4xx_hal_adc.o
                0x0000000008005676                ADC_DMAError
 .text.LL_ADC_StartCalibration
                0x00000000080056aa       0x32 ./Drivers/STM32L4xx_HAL_Driver/Src/stm32l4xx_hal_adc_ex.o
 .text.LL_ADC_IsCalibrationOnGoing
                0x00000000080056dc       0x28 ./Drivers/STM32L4xx_HAL_Driver/Src/stm32l4xx_hal_adc_ex.o
 .text.HAL_ADCEx_Calibration_Start
                0x0000000008005704       0xc0 ./Drivers/STM32L4xx_HAL_Driver/Src/stm32l4xx_hal_adc_ex.o
                0x0000000008005704                HAL_ADCEx_Calibration_Start
 .text.HAL_ADCEx_InjectedConvCpltCallback
                0x00000000080057c4       0x14 ./Drivers/STM32L4xx_HAL_Driver/Src/stm32l4xx_hal_adc_ex.o
                0x00000000080057c4                HAL_ADCEx_InjectedConvCpltCallback
 .text.HAL_ADCEx_InjectedQueueOverflowCallback
                0x00000000080057d8       0x14 ./Drivers/STM32L4xx_HAL_Driver/Src/stm32l4xx_hal_adc_ex.o
                0x00000000080057d8                HAL_ADCEx_InjectedQueueOverflowCallback
 .text.HAL_ADCEx_LevelOutOfWindow2Callback
                0x00000000080057ec       0x14 ./Drivers/STM32L4xx_HAL_Driver/Src/stm32l4xx_hal_adc_ex.o
                0x00000000080057ec                HAL_ADCEx_LevelOutOfWindow2Callback
 .text.HAL_ADCEx_LevelOutOfWindow3Callback
                0x0000000008005800       0x14 ./Drivers/STM32L4xx_HAL_Driver/Src/stm32l4xx_hal_adc_ex.o
                0x0000000008005800                HAL_ADCEx_LevelOutOfWindow3Callback
 .text.HAL_ADCEx_EndOfSamplingCallback
                0x0000000008005814       0x14 ./Drivers/STM32L4xx_HAL_Driver/Src/stm32l4xx_hal_adc_ex.o
                0x0000000008005814                HAL_ADCEx_EndOfSamplingCallback
 .text.HAL_CAN_Init
                0x0000000008005828      0x1f6 ./Drivers/STM32L4xx_HAL_Driver/Src/stm32l4xx_hal_can.o
                0x0000000008005828                HAL_CAN_Init
 .text.HAL_CAN_ConfigFilter
                0x0000000008005a1e      0x194 ./Drivers/STM32L4xx_HAL_Driver/Src/stm32l4xx_hal_can.o
                0x0000000008005a1e                HAL_CAN_ConfigFilter
 .text.HAL_CAN_Start
                0x0000000008005bb2       0x88 ./Drivers/STM32L4xx_HAL_Driver/Src/stm32l4xx_hal_can.o
                0x0000000008005bb2                HAL_CAN_Start
 .text.HAL_CAN_AddTxMessage
                0x0000000008005c3a      0x1b6 ./Drivers/STM32L4xx_HAL_Driver/Src/stm32l4xx_hal_can.o
                0x0000000008005c3a                HAL_CAN_AddTxMessage
 .text.HAL_CAN_GetRxMessage
                0x0000000008005df0      0x224 ./Drivers/STM32L4xx_HAL_Driver/Src/stm32l4xx_hal_can.o
                0x0000000008005df0                HAL_CAN_GetRxMessage
 .text.HAL_CAN_ActivateNotification
                0x0000000008006014       0x4c ./Drivers/STM32L4xx_HAL_Driver/Src/stm32l4xx_hal_can.o
                0x0000000008006014                HAL_CAN_ActivateNotification
 .text.HAL_CAN_IRQHandler
                0x0000000008006060      0x36e ./Drivers/STM32L4xx_HAL_Driver/Src/stm32l4xx_hal_can.o
                0x0000000008006060                HAL_CAN_IRQHandler
 .text.HAL_CAN_TxMailbox0CompleteCallback
                0x00000000080063ce       0x14 ./Drivers/STM32L4xx_HAL_Driver/Src/stm32l4xx_hal_can.o
                0x00000000080063ce                HAL_CAN_TxMailbox0CompleteCallback
 .text.HAL_CAN_TxMailbox1CompleteCallback
                0x00000000080063e2       0x14 ./Drivers/STM32L4xx_HAL_Driver/Src/stm32l4xx_hal_can.o
                0x00000000080063e2                HAL_CAN_TxMailbox1CompleteCallback
 .text.HAL_CAN_TxMailbox2CompleteCallback
                0x00000000080063f6       0x14 ./Drivers/STM32L4xx_HAL_Driver/Src/stm32l4xx_hal_can.o
                0x00000000080063f6                HAL_CAN_TxMailbox2CompleteCallback
 .text.HAL_CAN_TxMailbox0AbortCallback
                0x000000000800640a       0x14 ./Drivers/STM32L4xx_HAL_Driver/Src/stm32l4xx_hal_can.o
                0x000000000800640a                HAL_CAN_TxMailbox0AbortCallback
 .text.HAL_CAN_TxMailbox1AbortCallback
                0x000000000800641e       0x14 ./Drivers/STM32L4xx_HAL_Driver/Src/stm32l4xx_hal_can.o
                0x000000000800641e                HAL_CAN_TxMailbox1AbortCallback
 .text.HAL_CAN_TxMailbox2AbortCallback
                0x0000000008006432       0x14 ./Drivers/STM32L4xx_HAL_Driver/Src/stm32l4xx_hal_can.o
                0x0000000008006432                HAL_CAN_TxMailbox2AbortCallback
 .text.HAL_CAN_RxFifo0FullCallback
                0x0000000008006446       0x14 ./Drivers/STM32L4xx_HAL_Driver/Src/stm32l4xx_hal_can.o
                0x0000000008006446                HAL_CAN_RxFifo0FullCallback
 .text.HAL_CAN_RxFifo1FullCallback
                0x000000000800645a       0x14 ./Drivers/STM32L4xx_HAL_Driver/Src/stm32l4xx_hal_can.o
                0x000000000800645a                HAL_CAN_RxFifo1FullCallback
 .text.HAL_CAN_SleepCallback
                0x000000000800646e       0x14 ./Drivers/STM32L4xx_HAL_Driver/Src/stm32l4xx_hal_can.o
                0x000000000800646e                HAL_CAN_SleepCallback
 .text.HAL_CAN_WakeUpFromRxMsgCallback
                0x0000000008006482       0x14 ./Drivers/STM32L4xx_HAL_Driver/Src/stm32l4xx_hal_can.o
                0x0000000008006482                HAL_CAN_WakeUpFromRxMsgCallback
 .text.HAL_CAN_ErrorCallback
                0x0000000008006496       0x14 ./Drivers/STM32L4xx_HAL_Driver/Src/stm32l4xx_hal_can.o
                0x0000000008006496                HAL_CAN_ErrorCallback
 *fill*         0x00000000080064aa        0x2 
 .text.__NVIC_SetPriorityGrouping
                0x00000000080064ac       0x48 ./Drivers/STM32L4xx_HAL_Driver/Src/stm32l4xx_hal_cortex.o
 .text.__NVIC_GetPriorityGrouping
                0x00000000080064f4       0x1c ./Drivers/STM32L4xx_HAL_Driver/Src/stm32l4xx_hal_cortex.o
 .text.__NVIC_EnableIRQ
                0x0000000008006510       0x3c ./Drivers/STM32L4xx_HAL_Driver/Src/stm32l4xx_hal_cortex.o
 .text.__NVIC_SetPriority
                0x000000000800654c       0x54 ./Drivers/STM32L4xx_HAL_Driver/Src/stm32l4xx_hal_cortex.o
 .text.NVIC_EncodePriority
                0x00000000080065a0       0x66 ./Drivers/STM32L4xx_HAL_Driver/Src/stm32l4xx_hal_cortex.o
 *fill*         0x0000000008006606        0x2 
 .text.SysTick_Config
                0x0000000008006608       0x44 ./Drivers/STM32L4xx_HAL_Driver/Src/stm32l4xx_hal_cortex.o
 .text.HAL_NVIC_SetPriorityGrouping
                0x000000000800664c       0x16 ./Drivers/STM32L4xx_HAL_Driver/Src/stm32l4xx_hal_cortex.o
                0x000000000800664c                HAL_NVIC_SetPriorityGrouping
 .text.HAL_NVIC_SetPriority
                0x0000000008006662       0x38 ./Drivers/STM32L4xx_HAL_Driver/Src/stm32l4xx_hal_cortex.o
                0x0000000008006662                HAL_NVIC_SetPriority
 .text.HAL_NVIC_EnableIRQ
                0x000000000800669a       0x1c ./Drivers/STM32L4xx_HAL_Driver/Src/stm32l4xx_hal_cortex.o
                0x000000000800669a                HAL_NVIC_EnableIRQ
 .text.HAL_SYSTICK_Config
                0x00000000080066b6       0x18 ./Drivers/STM32L4xx_HAL_Driver/Src/stm32l4xx_hal_cortex.o
                0x00000000080066b6                HAL_SYSTICK_Config
 *fill*         0x00000000080066ce        0x2 
 .text.HAL_DMA_Init
                0x00000000080066d0      0x170 ./Drivers/STM32L4xx_HAL_Driver/Src/stm32l4xx_hal_dma.o
                0x00000000080066d0                HAL_DMA_Init
 .text.HAL_DMA_Start_IT
                0x0000000008006840       0xc0 ./Drivers/STM32L4xx_HAL_Driver/Src/stm32l4xx_hal_dma.o
                0x0000000008006840                HAL_DMA_Start_IT
 .text.HAL_DMA_Abort
                0x0000000008006900       0x7c ./Drivers/STM32L4xx_HAL_Driver/Src/stm32l4xx_hal_dma.o
                0x0000000008006900                HAL_DMA_Abort
 .text.HAL_DMA_IRQHandler
                0x000000000800697c      0x15e ./Drivers/STM32L4xx_HAL_Driver/Src/stm32l4xx_hal_dma.o
                0x000000000800697c                HAL_DMA_IRQHandler
 .text.DMA_SetConfig
                0x0000000008006ada       0x60 ./Drivers/STM32L4xx_HAL_Driver/Src/stm32l4xx_hal_dma.o
 *fill*         0x0000000008006b3a        0x2 
 .text.HAL_GPIO_Init
                0x0000000008006b3c      0x2f4 ./Drivers/STM32L4xx_HAL_Driver/Src/stm32l4xx_hal_gpio.o
                0x0000000008006b3c                HAL_GPIO_Init
 .text.HAL_GPIO_ReadPin
                0x0000000008006e30       0x30 ./Drivers/STM32L4xx_HAL_Driver/Src/stm32l4xx_hal_gpio.o
                0x0000000008006e30                HAL_GPIO_ReadPin
 .text.HAL_GPIO_WritePin
                0x0000000008006e60       0x30 ./Drivers/STM32L4xx_HAL_Driver/Src/stm32l4xx_hal_gpio.o
                0x0000000008006e60                HAL_GPIO_WritePin
 .text.HAL_GPIO_TogglePin
                0x0000000008006e90       0x34 ./Drivers/STM32L4xx_HAL_Driver/Src/stm32l4xx_hal_gpio.o
                0x0000000008006e90                HAL_GPIO_TogglePin
 .text.HAL_GPIO_EXTI_IRQHandler
                0x0000000008006ec4       0x30 ./Drivers/STM32L4xx_HAL_Driver/Src/stm32l4xx_hal_gpio.o
                0x0000000008006ec4                HAL_GPIO_EXTI_IRQHandler
 .text.HAL_IWDG_Init
                0x0000000008006ef4       0x9e ./Drivers/STM32L4xx_HAL_Driver/Src/stm32l4xx_hal_iwdg.o
                0x0000000008006ef4                HAL_IWDG_Init
 .text.HAL_IWDG_Refresh
                0x0000000008006f92       0x20 ./Drivers/STM32L4xx_HAL_Driver/Src/stm32l4xx_hal_iwdg.o
                0x0000000008006f92                HAL_IWDG_Refresh
 *fill*         0x0000000008006fb2        0x2 
 .text.HAL_PWREx_GetVoltageRange
                0x0000000008006fb4       0x1c ./Drivers/STM32L4xx_HAL_Driver/Src/stm32l4xx_hal_pwr_ex.o
                0x0000000008006fb4                HAL_PWREx_GetVoltageRange
 .text.HAL_PWREx_ControlVoltageScaling
                0x0000000008006fd0       0xac ./Drivers/STM32L4xx_HAL_Driver/Src/stm32l4xx_hal_pwr_ex.o
                0x0000000008006fd0                HAL_PWREx_ControlVoltageScaling
 .text.HAL_RCC_OscConfig
                0x000000000800707c      0x840 ./Drivers/STM32L4xx_HAL_Driver/Src/stm32l4xx_hal_rcc.o
                0x000000000800707c                HAL_RCC_OscConfig
 .text.HAL_RCC_ClockConfig
                0x00000000080078bc      0x1c4 ./Drivers/STM32L4xx_HAL_Driver/Src/stm32l4xx_hal_rcc.o
                0x00000000080078bc                HAL_RCC_ClockConfig
 .text.HAL_RCC_GetSysClockFreq
                0x0000000008007a80      0x118 ./Drivers/STM32L4xx_HAL_Driver/Src/stm32l4xx_hal_rcc.o
                0x0000000008007a80                HAL_RCC_GetSysClockFreq
 .text.RCC_SetFlashLatencyFromMSIRange
                0x0000000008007b98       0xc0 ./Drivers/STM32L4xx_HAL_Driver/Src/stm32l4xx_hal_rcc.o
 .text.HAL_RCCEx_PeriphCLKConfig
                0x0000000008007c58      0x430 ./Drivers/STM32L4xx_HAL_Driver/Src/stm32l4xx_hal_rcc_ex.o
                0x0000000008007c58                HAL_RCCEx_PeriphCLKConfig
 .text.RCCEx_PLLSAI1_Config
                0x0000000008008088      0x1e4 ./Drivers/STM32L4xx_HAL_Driver/Src/stm32l4xx_hal_rcc_ex.o
 .text.HAL_RTC_Init
                0x000000000800826c       0xf6 ./Drivers/STM32L4xx_HAL_Driver/Src/stm32l4xx_hal_rtc.o
                0x000000000800826c                HAL_RTC_Init
 .text.HAL_RTC_SetTime
                0x0000000008008362      0x13a ./Drivers/STM32L4xx_HAL_Driver/Src/stm32l4xx_hal_rtc.o
                0x0000000008008362                HAL_RTC_SetTime
 .text.HAL_RTC_GetTime
                0x000000000800849c       0xb8 ./Drivers/STM32L4xx_HAL_Driver/Src/stm32l4xx_hal_rtc.o
                0x000000000800849c                HAL_RTC_GetTime
 .text.HAL_RTC_SetDate
                0x0000000008008554      0x10e ./Drivers/STM32L4xx_HAL_Driver/Src/stm32l4xx_hal_rtc.o
                0x0000000008008554                HAL_RTC_SetDate
 .text.HAL_RTC_GetDate
                0x0000000008008662       0x9a ./Drivers/STM32L4xx_HAL_Driver/Src/stm32l4xx_hal_rtc.o
                0x0000000008008662                HAL_RTC_GetDate
 .text.HAL_RTC_WaitForSynchro
                0x00000000080086fc       0x4c ./Drivers/STM32L4xx_HAL_Driver/Src/stm32l4xx_hal_rtc.o
                0x00000000080086fc                HAL_RTC_WaitForSynchro
 .text.RTC_EnterInitMode
                0x0000000008008748       0x66 ./Drivers/STM32L4xx_HAL_Driver/Src/stm32l4xx_hal_rtc.o
                0x0000000008008748                RTC_EnterInitMode
 *fill*         0x00000000080087ae        0x2 
 .text.RTC_ExitInitMode
                0x00000000080087b0       0x7c ./Drivers/STM32L4xx_HAL_Driver/Src/stm32l4xx_hal_rtc.o
                0x00000000080087b0                RTC_ExitInitMode
 .text.RTC_ByteToBcd2
                0x000000000800882c       0x40 ./Drivers/STM32L4xx_HAL_Driver/Src/stm32l4xx_hal_rtc.o
                0x000000000800882c                RTC_ByteToBcd2
 .text.RTC_Bcd2ToByte
                0x000000000800886c       0x34 ./Drivers/STM32L4xx_HAL_Driver/Src/stm32l4xx_hal_rtc.o
                0x000000000800886c                RTC_Bcd2ToByte
 .text.HAL_RTCEx_BKUPWrite
                0x00000000080088a0       0x32 ./Drivers/STM32L4xx_HAL_Driver/Src/stm32l4xx_hal_rtc_ex.o
                0x00000000080088a0                HAL_RTCEx_BKUPWrite
 .text.HAL_TIM_PWM_Init
                0x00000000080088d2       0xae ./Drivers/STM32L4xx_HAL_Driver/Src/stm32l4xx_hal_tim.o
                0x00000000080088d2                HAL_TIM_PWM_Init
 .text.HAL_TIM_PWM_Start
                0x0000000008008980      0x1bc ./Drivers/STM32L4xx_HAL_Driver/Src/stm32l4xx_hal_tim.o
                0x0000000008008980                HAL_TIM_PWM_Start
 .text.HAL_TIM_PWM_Stop
                0x0000000008008b3c      0x110 ./Drivers/STM32L4xx_HAL_Driver/Src/stm32l4xx_hal_tim.o
                0x0000000008008b3c                HAL_TIM_PWM_Stop
 .text.HAL_TIM_PWM_ConfigChannel
                0x0000000008008c4c      0x228 ./Drivers/STM32L4xx_HAL_Driver/Src/stm32l4xx_hal_tim.o
                0x0000000008008c4c                HAL_TIM_PWM_ConfigChannel
 .text.TIM_Base_SetConfig
                0x0000000008008e74       0xc8 ./Drivers/STM32L4xx_HAL_Driver/Src/stm32l4xx_hal_tim.o
                0x0000000008008e74                TIM_Base_SetConfig
 .text.TIM_OC1_SetConfig
                0x0000000008008f3c       0xf8 ./Drivers/STM32L4xx_HAL_Driver/Src/stm32l4xx_hal_tim.o
 .text.TIM_OC2_SetConfig
                0x0000000008009034       0xf4 ./Drivers/STM32L4xx_HAL_Driver/Src/stm32l4xx_hal_tim.o
                0x0000000008009034                TIM_OC2_SetConfig
 .text.TIM_OC3_SetConfig
                0x0000000008009128       0xf0 ./Drivers/STM32L4xx_HAL_Driver/Src/stm32l4xx_hal_tim.o
 .text.TIM_OC4_SetConfig
                0x0000000008009218       0xbc ./Drivers/STM32L4xx_HAL_Driver/Src/stm32l4xx_hal_tim.o
 .text.TIM_OC5_SetConfig
                0x00000000080092d4       0xb0 ./Drivers/STM32L4xx_HAL_Driver/Src/stm32l4xx_hal_tim.o
 .text.TIM_OC6_SetConfig
                0x0000000008009384       0xb4 ./Drivers/STM32L4xx_HAL_Driver/Src/stm32l4xx_hal_tim.o
 .text.TIM_CCxChannelCmd
                0x0000000008009438       0x4a ./Drivers/STM32L4xx_HAL_Driver/Src/stm32l4xx_hal_tim.o
                0x0000000008009438                TIM_CCxChannelCmd
 *fill*         0x0000000008009482        0x2 
 .text.HAL_TIMEx_MasterConfigSynchronization
                0x0000000008009484       0xcc ./Drivers/STM32L4xx_HAL_Driver/Src/stm32l4xx_hal_tim_ex.o
                0x0000000008009484                HAL_TIMEx_MasterConfigSynchronization
 .text.HAL_TIMEx_ConfigBreakDeadTime
                0x0000000008009550       0xf0 ./Drivers/STM32L4xx_HAL_Driver/Src/stm32l4xx_hal_tim_ex.o
                0x0000000008009550                HAL_TIMEx_ConfigBreakDeadTime
 .text.__errno  0x0000000008009640        0xc c:/st/stm32cubeide_1.9.0/stm32cubeide/plugins/com.st.stm32cube.ide.mcu.externaltools.gnu-tools-for-stm32.10.3-2021.10.win32_1.0.0.202111181127/tools/bin/../lib/gcc/arm-none-eabi/10.3.1/../../../../arm-none-eabi/lib/thumb/v7e-m+fp/hard\libc_nano.a(lib_a-errno.o)
                0x0000000008009640                __errno
 .text.__libc_init_array
                0x000000000800964c       0x48 c:/st/stm32cubeide_1.9.0/stm32cubeide/plugins/com.st.stm32cube.ide.mcu.externaltools.gnu-tools-for-stm32.10.3-2021.10.win32_1.0.0.202111181127/tools/bin/../lib/gcc/arm-none-eabi/10.3.1/../../../../arm-none-eabi/lib/thumb/v7e-m+fp/hard\libc_nano.a(lib_a-init.o)
                0x000000000800964c                __libc_init_array
 .text.localtime
                0x0000000008009694       0x3c c:/st/stm32cubeide_1.9.0/stm32cubeide/plugins/com.st.stm32cube.ide.mcu.externaltools.gnu-tools-for-stm32.10.3-2021.10.win32_1.0.0.202111181127/tools/bin/../lib/gcc/arm-none-eabi/10.3.1/../../../../arm-none-eabi/lib/thumb/v7e-m+fp/hard\libc_nano.a(lib_a-lcltime.o)
                0x0000000008009694                localtime
 .text.localtime_r
                0x00000000080096d0      0x1e8 c:/st/stm32cubeide_1.9.0/stm32cubeide/plugins/com.st.stm32cube.ide.mcu.externaltools.gnu-tools-for-stm32.10.3-2021.10.win32_1.0.0.202111181127/tools/bin/../lib/gcc/arm-none-eabi/10.3.1/../../../../arm-none-eabi/lib/thumb/v7e-m+fp/hard\libc_nano.a(lib_a-lcltime_r.o)
                0x00000000080096d0                localtime_r
 .text.malloc   0x00000000080098b8       0x10 c:/st/stm32cubeide_1.9.0/stm32cubeide/plugins/com.st.stm32cube.ide.mcu.externaltools.gnu-tools-for-stm32.10.3-2021.10.win32_1.0.0.202111181127/tools/bin/../lib/gcc/arm-none-eabi/10.3.1/../../../../arm-none-eabi/lib/thumb/v7e-m+fp/hard\libc_nano.a(lib_a-malloc.o)
                0x00000000080098b8                malloc
 .text.free     0x00000000080098c8       0x10 c:/st/stm32cubeide_1.9.0/stm32cubeide/plugins/com.st.stm32cube.ide.mcu.externaltools.gnu-tools-for-stm32.10.3-2021.10.win32_1.0.0.202111181127/tools/bin/../lib/gcc/arm-none-eabi/10.3.1/../../../../arm-none-eabi/lib/thumb/v7e-m+fp/hard\libc_nano.a(lib_a-malloc.o)
                0x00000000080098c8                free
 .text.memcpy   0x00000000080098d8       0x1c c:/st/stm32cubeide_1.9.0/stm32cubeide/plugins/com.st.stm32cube.ide.mcu.externaltools.gnu-tools-for-stm32.10.3-2021.10.win32_1.0.0.202111181127/tools/bin/../lib/gcc/arm-none-eabi/10.3.1/../../../../arm-none-eabi/lib/thumb/v7e-m+fp/hard\libc_nano.a(lib_a-memcpy-stub.o)
                0x00000000080098d8                memcpy
 .text.memset   0x00000000080098f4       0x10 c:/st/stm32cubeide_1.9.0/stm32cubeide/plugins/com.st.stm32cube.ide.mcu.externaltools.gnu-tools-for-stm32.10.3-2021.10.win32_1.0.0.202111181127/tools/bin/../lib/gcc/arm-none-eabi/10.3.1/../../../../arm-none-eabi/lib/thumb/v7e-m+fp/hard\libc_nano.a(lib_a-memset.o)
                0x00000000080098f4                memset
 .text._free_r  0x0000000008009904       0x98 c:/st/stm32cubeide_1.9.0/stm32cubeide/plugins/com.st.stm32cube.ide.mcu.externaltools.gnu-tools-for-stm32.10.3-2021.10.win32_1.0.0.202111181127/tools/bin/../lib/gcc/arm-none-eabi/10.3.1/../../../../arm-none-eabi/lib/thumb/v7e-m+fp/hard\libc_nano.a(lib_a-nano-freer.o)
                0x0000000008009904                _free_r
 .text.sbrk_aligned
                0x000000000800999c       0x40 c:/st/stm32cubeide_1.9.0/stm32cubeide/plugins/com.st.stm32cube.ide.mcu.externaltools.gnu-tools-for-stm32.10.3-2021.10.win32_1.0.0.202111181127/tools/bin/../lib/gcc/arm-none-eabi/10.3.1/../../../../arm-none-eabi/lib/thumb/v7e-m+fp/hard\libc_nano.a(lib_a-nano-mallocr.o)
 .text._malloc_r
                0x00000000080099dc       0xe8 c:/st/stm32cubeide_1.9.0/stm32cubeide/plugins/com.st.stm32cube.ide.mcu.externaltools.gnu-tools-for-stm32.10.3-2021.10.win32_1.0.0.202111181127/tools/bin/../lib/gcc/arm-none-eabi/10.3.1/../../../../arm-none-eabi/lib/thumb/v7e-m+fp/hard\libc_nano.a(lib_a-nano-mallocr.o)
                0x00000000080099dc                _malloc_r
 .text._sbrk_r  0x0000000008009ac4       0x20 c:/st/stm32cubeide_1.9.0/stm32cubeide/plugins/com.st.stm32cube.ide.mcu.externaltools.gnu-tools-for-stm32.10.3-2021.10.win32_1.0.0.202111181127/tools/bin/../lib/gcc/arm-none-eabi/10.3.1/../../../../arm-none-eabi/lib/thumb/v7e-m+fp/hard\libc_nano.a(lib_a-sbrkr.o)
                0x0000000008009ac4                _sbrk_r
 .text.sprintf  0x0000000008009ae4       0x40 c:/st/stm32cubeide_1.9.0/stm32cubeide/plugins/com.st.stm32cube.ide.mcu.externaltools.gnu-tools-for-stm32.10.3-2021.10.win32_1.0.0.202111181127/tools/bin/../lib/gcc/arm-none-eabi/10.3.1/../../../../arm-none-eabi/lib/thumb/v7e-m+fp/hard\libc_nano.a(lib_a-sprintf.o)
                0x0000000008009ae4                siprintf
                0x0000000008009ae4                sprintf
 .text.__tzcalc_limits
                0x0000000008009b24      0x154 c:/st/stm32cubeide_1.9.0/stm32cubeide/plugins/com.st.stm32cube.ide.mcu.externaltools.gnu-tools-for-stm32.10.3-2021.10.win32_1.0.0.202111181127/tools/bin/../lib/gcc/arm-none-eabi/10.3.1/../../../../arm-none-eabi/lib/thumb/v7e-m+fp/hard\libc_nano.a(lib_a-tzcalc_limits.o)
                0x0000000008009b24                __tzcalc_limits
 .text.__tz_lock
                0x0000000008009c78        0xc c:/st/stm32cubeide_1.9.0/stm32cubeide/plugins/com.st.stm32cube.ide.mcu.externaltools.gnu-tools-for-stm32.10.3-2021.10.win32_1.0.0.202111181127/tools/bin/../lib/gcc/arm-none-eabi/10.3.1/../../../../arm-none-eabi/lib/thumb/v7e-m+fp/hard\libc_nano.a(lib_a-tzlock.o)
                0x0000000008009c78                __tz_lock
 .text.__tz_unlock
                0x0000000008009c84        0xc c:/st/stm32cubeide_1.9.0/stm32cubeide/plugins/com.st.stm32cube.ide.mcu.externaltools.gnu-tools-for-stm32.10.3-2021.10.win32_1.0.0.202111181127/tools/bin/../lib/gcc/arm-none-eabi/10.3.1/../../../../arm-none-eabi/lib/thumb/v7e-m+fp/hard\libc_nano.a(lib_a-tzlock.o)
                0x0000000008009c84                __tz_unlock
 .text._tzset_unlocked
                0x0000000008009c90        0xc c:/st/stm32cubeide_1.9.0/stm32cubeide/plugins/com.st.stm32cube.ide.mcu.externaltools.gnu-tools-for-stm32.10.3-2021.10.win32_1.0.0.202111181127/tools/bin/../lib/gcc/arm-none-eabi/10.3.1/../../../../arm-none-eabi/lib/thumb/v7e-m+fp/hard\libc_nano.a(lib_a-tzset.o)
                0x0000000008009c90                _tzset_unlocked
 .text._tzset_unlocked_r
                0x0000000008009c9c      0x300 c:/st/stm32cubeide_1.9.0/stm32cubeide/plugins/com.st.stm32cube.ide.mcu.externaltools.gnu-tools-for-stm32.10.3-2021.10.win32_1.0.0.202111181127/tools/bin/../lib/gcc/arm-none-eabi/10.3.1/../../../../arm-none-eabi/lib/thumb/v7e-m+fp/hard\libc_nano.a(lib_a-tzset_r.o)
                0x0000000008009c9c                _tzset_unlocked_r
 .text.__assert_func
                0x0000000008009f9c       0x3c c:/st/stm32cubeide_1.9.0/stm32cubeide/plugins/com.st.stm32cube.ide.mcu.externaltools.gnu-tools-for-stm32.10.3-2021.10.win32_1.0.0.202111181127/tools/bin/../lib/gcc/arm-none-eabi/10.3.1/../../../../arm-none-eabi/lib/thumb/v7e-m+fp/hard\libc_nano.a(lib_a-assert.o)
                0x0000000008009f9c                __assert_func
 .text.fprintf  0x0000000008009fd8       0x24 c:/st/stm32cubeide_1.9.0/stm32cubeide/plugins/com.st.stm32cube.ide.mcu.externaltools.gnu-tools-for-stm32.10.3-2021.10.win32_1.0.0.202111181127/tools/bin/../lib/gcc/arm-none-eabi/10.3.1/../../../../arm-none-eabi/lib/thumb/v7e-m+fp/hard\libc_nano.a(lib_a-fprintf.o)
                0x0000000008009fd8                fiprintf
                0x0000000008009fd8                fprintf
 .text._findenv_r
                0x0000000008009ffc       0x78 c:/st/stm32cubeide_1.9.0/stm32cubeide/plugins/com.st.stm32cube.ide.mcu.externaltools.gnu-tools-for-stm32.10.3-2021.10.win32_1.0.0.202111181127/tools/bin/../lib/gcc/arm-none-eabi/10.3.1/../../../../arm-none-eabi/lib/thumb/v7e-m+fp/hard\libc_nano.a(lib_a-getenv_r.o)
                0x0000000008009ffc                _findenv_r
 .text._getenv_r
                0x000000000800a074        0xe c:/st/stm32cubeide_1.9.0/stm32cubeide/plugins/com.st.stm32cube.ide.mcu.externaltools.gnu-tools-for-stm32.10.3-2021.10.win32_1.0.0.202111181127/tools/bin/../lib/gcc/arm-none-eabi/10.3.1/../../../../arm-none-eabi/lib/thumb/v7e-m+fp/hard\libc_nano.a(lib_a-getenv_r.o)
                0x000000000800a074                _getenv_r
 *fill*         0x000000000800a082        0x2 
 .text.__gettzinfo
                0x000000000800a084        0x8 c:/st/stm32cubeide_1.9.0/stm32cubeide/plugins/com.st.stm32cube.ide.mcu.externaltools.gnu-tools-for-stm32.10.3-2021.10.win32_1.0.0.202111181127/tools/bin/../lib/gcc/arm-none-eabi/10.3.1/../../../../arm-none-eabi/lib/thumb/v7e-m+fp/hard\libc_nano.a(lib_a-gettzinfo.o)
                0x000000000800a084                __gettzinfo
 .text.gmtime_r
                0x000000000800a08c      0x158 c:/st/stm32cubeide_1.9.0/stm32cubeide/plugins/com.st.stm32cube.ide.mcu.externaltools.gnu-tools-for-stm32.10.3-2021.10.win32_1.0.0.202111181127/tools/bin/../lib/gcc/arm-none-eabi/10.3.1/../../../../arm-none-eabi/lib/thumb/v7e-m+fp/hard\libc_nano.a(lib_a-gmtime_r.o)
                0x000000000800a08c                gmtime_r
 .text.__retarget_lock_init_recursive
                0x000000000800a1e4        0x2 c:/st/stm32cubeide_1.9.0/stm32cubeide/plugins/com.st.stm32cube.ide.mcu.externaltools.gnu-tools-for-stm32.10.3-2021.10.win32_1.0.0.202111181127/tools/bin/../lib/gcc/arm-none-eabi/10.3.1/../../../../arm-none-eabi/lib/thumb/v7e-m+fp/hard\libc_nano.a(lib_a-lock.o)
                0x000000000800a1e4                __retarget_lock_init_recursive
 .text.__retarget_lock_acquire
                0x000000000800a1e6        0x2 c:/st/stm32cubeide_1.9.0/stm32cubeide/plugins/com.st.stm32cube.ide.mcu.externaltools.gnu-tools-for-stm32.10.3-2021.10.win32_1.0.0.202111181127/tools/bin/../lib/gcc/arm-none-eabi/10.3.1/../../../../arm-none-eabi/lib/thumb/v7e-m+fp/hard\libc_nano.a(lib_a-lock.o)
                0x000000000800a1e6                __retarget_lock_acquire
 .text.__retarget_lock_acquire_recursive
                0x000000000800a1e8        0x2 c:/st/stm32cubeide_1.9.0/stm32cubeide/plugins/com.st.stm32cube.ide.mcu.externaltools.gnu-tools-for-stm32.10.3-2021.10.win32_1.0.0.202111181127/tools/bin/../lib/gcc/arm-none-eabi/10.3.1/../../../../arm-none-eabi/lib/thumb/v7e-m+fp/hard\libc_nano.a(lib_a-lock.o)
                0x000000000800a1e8                __retarget_lock_acquire_recursive
 .text.__retarget_lock_release
                0x000000000800a1ea        0x2 c:/st/stm32cubeide_1.9.0/stm32cubeide/plugins/com.st.stm32cube.ide.mcu.externaltools.gnu-tools-for-stm32.10.3-2021.10.win32_1.0.0.202111181127/tools/bin/../lib/gcc/arm-none-eabi/10.3.1/../../../../arm-none-eabi/lib/thumb/v7e-m+fp/hard\libc_nano.a(lib_a-lock.o)
                0x000000000800a1ea                __retarget_lock_release
 .text.__retarget_lock_release_recursive
                0x000000000800a1ec        0x2 c:/st/stm32cubeide_1.9.0/stm32cubeide/plugins/com.st.stm32cube.ide.mcu.externaltools.gnu-tools-for-stm32.10.3-2021.10.win32_1.0.0.202111181127/tools/bin/../lib/gcc/arm-none-eabi/10.3.1/../../../../arm-none-eabi/lib/thumb/v7e-m+fp/hard\libc_nano.a(lib_a-lock.o)
                0x000000000800a1ec                __retarget_lock_release_recursive
 *fill*         0x000000000800a1ee        0x2 
 .text.__malloc_lock
                0x000000000800a1f0        0xc c:/st/stm32cubeide_1.9.0/stm32cubeide/plugins/com.st.stm32cube.ide.mcu.externaltools.gnu-tools-for-stm32.10.3-2021.10.win32_1.0.0.202111181127/tools/bin/../lib/gcc/arm-none-eabi/10.3.1/../../../../arm-none-eabi/lib/thumb/v7e-m+fp/hard\libc_nano.a(lib_a-mlock.o)
                0x000000000800a1f0                __malloc_lock
 .text.__malloc_unlock
                0x000000000800a1fc        0xc c:/st/stm32cubeide_1.9.0/stm32cubeide/plugins/com.st.stm32cube.ide.mcu.externaltools.gnu-tools-for-stm32.10.3-2021.10.win32_1.0.0.202111181127/tools/bin/../lib/gcc/arm-none-eabi/10.3.1/../../../../arm-none-eabi/lib/thumb/v7e-m+fp/hard\libc_nano.a(lib_a-mlock.o)
                0x000000000800a1fc                __malloc_unlock
 .text.__ssputs_r
                0x000000000800a208       0xb6 c:/st/stm32cubeide_1.9.0/stm32cubeide/plugins/com.st.stm32cube.ide.mcu.externaltools.gnu-tools-for-stm32.10.3-2021.10.win32_1.0.0.202111181127/tools/bin/../lib/gcc/arm-none-eabi/10.3.1/../../../../arm-none-eabi/lib/thumb/v7e-m+fp/hard\libc_nano.a(lib_a-nano-svfprintf.o)
                0x000000000800a208                __ssputs_r
 *fill*         0x000000000800a2be        0x2 
 .text._svfprintf_r
                0x000000000800a2c0      0x200 c:/st/stm32cubeide_1.9.0/stm32cubeide/plugins/com.st.stm32cube.ide.mcu.externaltools.gnu-tools-for-stm32.10.3-2021.10.win32_1.0.0.202111181127/tools/bin/../lib/gcc/arm-none-eabi/10.3.1/../../../../arm-none-eabi/lib/thumb/v7e-m+fp/hard\libc_nano.a(lib_a-nano-svfprintf.o)
                0x000000000800a2c0                _svfiprintf_r
                0x000000000800a2c0                _svfprintf_r
 .text.__sfputc_r
                0x000000000800a4c0       0x2e c:/st/stm32cubeide_1.9.0/stm32cubeide/plugins/com.st.stm32cube.ide.mcu.externaltools.gnu-tools-for-stm32.10.3-2021.10.win32_1.0.0.202111181127/tools/bin/../lib/gcc/arm-none-eabi/10.3.1/../../../../arm-none-eabi/lib/thumb/v7e-m+fp/hard\libc_nano.a(lib_a-nano-vfprintf.o)
 .text.__sfputs_r
                0x000000000800a4ee       0x24 c:/st/stm32cubeide_1.9.0/stm32cubeide/plugins/com.st.stm32cube.ide.mcu.externaltools.gnu-tools-for-stm32.10.3-2021.10.win32_1.0.0.202111181127/tools/bin/../lib/gcc/arm-none-eabi/10.3.1/../../../../arm-none-eabi/lib/thumb/v7e-m+fp/hard\libc_nano.a(lib_a-nano-vfprintf.o)
                0x000000000800a4ee                __sfputs_r
 *fill*         0x000000000800a512        0x2 
 .text._vfprintf_r
                0x000000000800a514      0x260 c:/st/stm32cubeide_1.9.0/stm32cubeide/plugins/com.st.stm32cube.ide.mcu.externaltools.gnu-tools-for-stm32.10.3-2021.10.win32_1.0.0.202111181127/tools/bin/../lib/gcc/arm-none-eabi/10.3.1/../../../../arm-none-eabi/lib/thumb/v7e-m+fp/hard\libc_nano.a(lib_a-nano-vfprintf.o)
                0x000000000800a514                _vfprintf_r
                0x000000000800a514                _vfiprintf_r
 .text._printf_common
                0x000000000800a774       0xda c:/st/stm32cubeide_1.9.0/stm32cubeide/plugins/com.st.stm32cube.ide.mcu.externaltools.gnu-tools-for-stm32.10.3-2021.10.win32_1.0.0.202111181127/tools/bin/../lib/gcc/arm-none-eabi/10.3.1/../../../../arm-none-eabi/lib/thumb/v7e-m+fp/hard\libc_nano.a(lib_a-nano-vfprintf_i.o)
                0x000000000800a774                _printf_common
 *fill*         0x000000000800a84e        0x2 
 .text._printf_i
                0x000000000800a850      0x24c c:/st/stm32cubeide_1.9.0/stm32cubeide/plugins/com.st.stm32cube.ide.mcu.externaltools.gnu-tools-for-stm32.10.3-2021.10.win32_1.0.0.202111181127/tools/bin/../lib/gcc/arm-none-eabi/10.3.1/../../../../arm-none-eabi/lib/thumb/v7e-m+fp/hard\libc_nano.a(lib_a-nano-vfprintf_i.o)
                0x000000000800a850                _printf_i
 .text.sscanf   0x000000000800aa9c       0x58 c:/st/stm32cubeide_1.9.0/stm32cubeide/plugins/com.st.stm32cube.ide.mcu.externaltools.gnu-tools-for-stm32.10.3-2021.10.win32_1.0.0.202111181127/tools/bin/../lib/gcc/arm-none-eabi/10.3.1/../../../../arm-none-eabi/lib/thumb/v7e-m+fp/hard\libc_nano.a(lib_a-sscanf.o)
                0x000000000800aa9c                siscanf
                0x000000000800aa9c                sscanf
 .text.__sread  0x000000000800aaf4       0x22 c:/st/stm32cubeide_1.9.0/stm32cubeide/plugins/com.st.stm32cube.ide.mcu.externaltools.gnu-tools-for-stm32.10.3-2021.10.win32_1.0.0.202111181127/tools/bin/../lib/gcc/arm-none-eabi/10.3.1/../../../../arm-none-eabi/lib/thumb/v7e-m+fp/hard\libc_nano.a(lib_a-stdio.o)
                0x000000000800aaf4                __sread
 .text.__seofread
                0x000000000800ab16        0x4 c:/st/stm32cubeide_1.9.0/stm32cubeide/plugins/com.st.stm32cube.ide.mcu.externaltools.gnu-tools-for-stm32.10.3-2021.10.win32_1.0.0.202111181127/tools/bin/../lib/gcc/arm-none-eabi/10.3.1/../../../../arm-none-eabi/lib/thumb/v7e-m+fp/hard\libc_nano.a(lib_a-stdio.o)
                0x000000000800ab16                __seofread
 .text.__swrite
                0x000000000800ab1a       0x38 c:/st/stm32cubeide_1.9.0/stm32cubeide/plugins/com.st.stm32cube.ide.mcu.externaltools.gnu-tools-for-stm32.10.3-2021.10.win32_1.0.0.202111181127/tools/bin/../lib/gcc/arm-none-eabi/10.3.1/../../../../arm-none-eabi/lib/thumb/v7e-m+fp/hard\libc_nano.a(lib_a-stdio.o)
                0x000000000800ab1a                __swrite
 .text.__sseek  0x000000000800ab52       0x24 c:/st/stm32cubeide_1.9.0/stm32cubeide/plugins/com.st.stm32cube.ide.mcu.externaltools.gnu-tools-for-stm32.10.3-2021.10.win32_1.0.0.202111181127/tools/bin/../lib/gcc/arm-none-eabi/10.3.1/../../../../arm-none-eabi/lib/thumb/v7e-m+fp/hard\libc_nano.a(lib_a-stdio.o)
                0x000000000800ab52                __sseek
 .text.__sclose
                0x000000000800ab76        0x8 c:/st/stm32cubeide_1.9.0/stm32cubeide/plugins/com.st.stm32cube.ide.mcu.externaltools.gnu-tools-for-stm32.10.3-2021.10.win32_1.0.0.202111181127/tools/bin/../lib/gcc/arm-none-eabi/10.3.1/../../../../arm-none-eabi/lib/thumb/v7e-m+fp/hard\libc_nano.a(lib_a-stdio.o)
                0x000000000800ab76                __sclose
 .text.strcpy   0x000000000800ab7e       0x10 c:/st/stm32cubeide_1.9.0/stm32cubeide/plugins/com.st.stm32cube.ide.mcu.externaltools.gnu-tools-for-stm32.10.3-2021.10.win32_1.0.0.202111181127/tools/bin/../lib/gcc/arm-none-eabi/10.3.1/../../../../arm-none-eabi/lib/thumb/v7e-m+fp/hard\libc_nano.a(lib_a-strcpy.o)
                0x000000000800ab7e                strcpy
 .text.strncmp  0x000000000800ab8e       0x28 c:/st/stm32cubeide_1.9.0/stm32cubeide/plugins/com.st.stm32cube.ide.mcu.externaltools.gnu-tools-for-stm32.10.3-2021.10.win32_1.0.0.202111181127/tools/bin/../lib/gcc/arm-none-eabi/10.3.1/../../../../arm-none-eabi/lib/thumb/v7e-m+fp/hard\libc_nano.a(lib_a-strncmp.o)
                0x000000000800ab8e                strncmp
 *fill*         0x000000000800abb6        0x2 
 .text._strtoul_l.constprop.0
                0x000000000800abb8       0xe4 c:/st/stm32cubeide_1.9.0/stm32cubeide/plugins/com.st.stm32cube.ide.mcu.externaltools.gnu-tools-for-stm32.10.3-2021.10.win32_1.0.0.202111181127/tools/bin/../lib/gcc/arm-none-eabi/10.3.1/../../../../arm-none-eabi/lib/thumb/v7e-m+fp/hard\libc_nano.a(lib_a-strtoul.o)
 .text._strtoul_r
                0x000000000800ac9c        0x4 c:/st/stm32cubeide_1.9.0/stm32cubeide/plugins/com.st.stm32cube.ide.mcu.externaltools.gnu-tools-for-stm32.10.3-2021.10.win32_1.0.0.202111181127/tools/bin/../lib/gcc/arm-none-eabi/10.3.1/../../../../arm-none-eabi/lib/thumb/v7e-m+fp/hard\libc_nano.a(lib_a-strtoul.o)
                0x000000000800ac9c                _strtoul_r
 .text.strtoul  0x000000000800aca0       0x14 c:/st/stm32cubeide_1.9.0/stm32cubeide/plugins/com.st.stm32cube.ide.mcu.externaltools.gnu-tools-for-stm32.10.3-2021.10.win32_1.0.0.202111181127/tools/bin/../lib/gcc/arm-none-eabi/10.3.1/../../../../arm-none-eabi/lib/thumb/v7e-m+fp/hard\libc_nano.a(lib_a-strtoul.o)
                0x000000000800aca0                strtoul
 .text.__swbuf_r
                0x000000000800acb4       0xa4 c:/st/stm32cubeide_1.9.0/stm32cubeide/plugins/com.st.stm32cube.ide.mcu.externaltools.gnu-tools-for-stm32.10.3-2021.10.win32_1.0.0.202111181127/tools/bin/../lib/gcc/arm-none-eabi/10.3.1/../../../../arm-none-eabi/lib/thumb/v7e-m+fp/hard\libc_nano.a(lib_a-wbuf.o)
                0x000000000800acb4                __swbuf_r
 .text._write_r
                0x000000000800ad58       0x24 c:/st/stm32cubeide_1.9.0/stm32cubeide/plugins/com.st.stm32cube.ide.mcu.externaltools.gnu-tools-for-stm32.10.3-2021.10.win32_1.0.0.202111181127/tools/bin/../lib/gcc/arm-none-eabi/10.3.1/../../../../arm-none-eabi/lib/thumb/v7e-m+fp/hard\libc_nano.a(lib_a-writer.o)
                0x000000000800ad58                _write_r
 .text.__swsetup_r
                0x000000000800ad7c       0xdc c:/st/stm32cubeide_1.9.0/stm32cubeide/plugins/com.st.stm32cube.ide.mcu.externaltools.gnu-tools-for-stm32.10.3-2021.10.win32_1.0.0.202111181127/tools/bin/../lib/gcc/arm-none-eabi/10.3.1/../../../../arm-none-eabi/lib/thumb/v7e-m+fp/hard\libc_nano.a(lib_a-wsetup.o)
                0x000000000800ad7c                __swsetup_r
 .text.abort    0x000000000800ae58        0xe c:/st/stm32cubeide_1.9.0/stm32cubeide/plugins/com.st.stm32cube.ide.mcu.externaltools.gnu-tools-for-stm32.10.3-2021.10.win32_1.0.0.202111181127/tools/bin/../lib/gcc/arm-none-eabi/10.3.1/../../../../arm-none-eabi/lib/thumb/v7e-m+fp/hard\libc_nano.a(lib_a-abort.o)
                0x000000000800ae58                abort
 *fill*         0x000000000800ae66        0x2 
 .text._close_r
                0x000000000800ae68       0x20 c:/st/stm32cubeide_1.9.0/stm32cubeide/plugins/com.st.stm32cube.ide.mcu.externaltools.gnu-tools-for-stm32.10.3-2021.10.win32_1.0.0.202111181127/tools/bin/../lib/gcc/arm-none-eabi/10.3.1/../../../../arm-none-eabi/lib/thumb/v7e-m+fp/hard\libc_nano.a(lib_a-closer.o)
                0x000000000800ae68                _close_r
 .text.__env_lock
                0x000000000800ae88        0xc c:/st/stm32cubeide_1.9.0/stm32cubeide/plugins/com.st.stm32cube.ide.mcu.externaltools.gnu-tools-for-stm32.10.3-2021.10.win32_1.0.0.202111181127/tools/bin/../lib/gcc/arm-none-eabi/10.3.1/../../../../arm-none-eabi/lib/thumb/v7e-m+fp/hard\libc_nano.a(lib_a-envlock.o)
                0x000000000800ae88                __env_lock
 .text.__env_unlock
                0x000000000800ae94        0xc c:/st/stm32cubeide_1.9.0/stm32cubeide/plugins/com.st.stm32cube.ide.mcu.externaltools.gnu-tools-for-stm32.10.3-2021.10.win32_1.0.0.202111181127/tools/bin/../lib/gcc/arm-none-eabi/10.3.1/../../../../arm-none-eabi/lib/thumb/v7e-m+fp/hard\libc_nano.a(lib_a-envlock.o)
                0x000000000800ae94                __env_unlock
 .text.__sflush_r
                0x000000000800aea0      0x10c c:/st/stm32cubeide_1.9.0/stm32cubeide/plugins/com.st.stm32cube.ide.mcu.externaltools.gnu-tools-for-stm32.10.3-2021.10.win32_1.0.0.202111181127/tools/bin/../lib/gcc/arm-none-eabi/10.3.1/../../../../arm-none-eabi/lib/thumb/v7e-m+fp/hard\libc_nano.a(lib_a-fflush.o)
                0x000000000800aea0                __sflush_r
 .text._fflush_r
                0x000000000800afac       0x78 c:/st/stm32cubeide_1.9.0/stm32cubeide/plugins/com.st.stm32cube.ide.mcu.externaltools.gnu-tools-for-stm32.10.3-2021.10.win32_1.0.0.202111181127/tools/bin/../lib/gcc/arm-none-eabi/10.3.1/../../../../arm-none-eabi/lib/thumb/v7e-m+fp/hard\libc_nano.a(lib_a-fflush.o)
                0x000000000800afac                _fflush_r
 .text.std      0x000000000800b024       0x48 c:/st/stm32cubeide_1.9.0/stm32cubeide/plugins/com.st.stm32cube.ide.mcu.externaltools.gnu-tools-for-stm32.10.3-2021.10.win32_1.0.0.202111181127/tools/bin/../lib/gcc/arm-none-eabi/10.3.1/../../../../arm-none-eabi/lib/thumb/v7e-m+fp/hard\libc_nano.a(lib_a-findfp.o)
 .text._cleanup_r
                0x000000000800b06c        0xc c:/st/stm32cubeide_1.9.0/stm32cubeide/plugins/com.st.stm32cube.ide.mcu.externaltools.gnu-tools-for-stm32.10.3-2021.10.win32_1.0.0.202111181127/tools/bin/../lib/gcc/arm-none-eabi/10.3.1/../../../../arm-none-eabi/lib/thumb/v7e-m+fp/hard\libc_nano.a(lib_a-findfp.o)
                0x000000000800b06c                _cleanup_r
 .text.__sfmoreglue
                0x000000000800b078       0x2c c:/st/stm32cubeide_1.9.0/stm32cubeide/plugins/com.st.stm32cube.ide.mcu.externaltools.gnu-tools-for-stm32.10.3-2021.10.win32_1.0.0.202111181127/tools/bin/../lib/gcc/arm-none-eabi/10.3.1/../../../../arm-none-eabi/lib/thumb/v7e-m+fp/hard\libc_nano.a(lib_a-findfp.o)
                0x000000000800b078                __sfmoreglue
 .text.__sfp_lock_acquire
                0x000000000800b0a4        0xc c:/st/stm32cubeide_1.9.0/stm32cubeide/plugins/com.st.stm32cube.ide.mcu.externaltools.gnu-tools-for-stm32.10.3-2021.10.win32_1.0.0.202111181127/tools/bin/../lib/gcc/arm-none-eabi/10.3.1/../../../../arm-none-eabi/lib/thumb/v7e-m+fp/hard\libc_nano.a(lib_a-findfp.o)
                0x000000000800b0a4                __sfp_lock_acquire
 .text.__sfp_lock_release
                0x000000000800b0b0        0xc c:/st/stm32cubeide_1.9.0/stm32cubeide/plugins/com.st.stm32cube.ide.mcu.externaltools.gnu-tools-for-stm32.10.3-2021.10.win32_1.0.0.202111181127/tools/bin/../lib/gcc/arm-none-eabi/10.3.1/../../../../arm-none-eabi/lib/thumb/v7e-m+fp/hard\libc_nano.a(lib_a-findfp.o)
                0x000000000800b0b0                __sfp_lock_release
 .text.__sinit_lock_acquire
                0x000000000800b0bc        0xc c:/st/stm32cubeide_1.9.0/stm32cubeide/plugins/com.st.stm32cube.ide.mcu.externaltools.gnu-tools-for-stm32.10.3-2021.10.win32_1.0.0.202111181127/tools/bin/../lib/gcc/arm-none-eabi/10.3.1/../../../../arm-none-eabi/lib/thumb/v7e-m+fp/hard\libc_nano.a(lib_a-findfp.o)
                0x000000000800b0bc                __sinit_lock_acquire
 .text.__sinit_lock_release
                0x000000000800b0c8        0xc c:/st/stm32cubeide_1.9.0/stm32cubeide/plugins/com.st.stm32cube.ide.mcu.externaltools.gnu-tools-for-stm32.10.3-2021.10.win32_1.0.0.202111181127/tools/bin/../lib/gcc/arm-none-eabi/10.3.1/../../../../arm-none-eabi/lib/thumb/v7e-m+fp/hard\libc_nano.a(lib_a-findfp.o)
                0x000000000800b0c8                __sinit_lock_release
 .text.__sinit  0x000000000800b0d4       0x70 c:/st/stm32cubeide_1.9.0/stm32cubeide/plugins/com.st.stm32cube.ide.mcu.externaltools.gnu-tools-for-stm32.10.3-2021.10.win32_1.0.0.202111181127/tools/bin/../lib/gcc/arm-none-eabi/10.3.1/../../../../arm-none-eabi/lib/thumb/v7e-m+fp/hard\libc_nano.a(lib_a-findfp.o)
                0x000000000800b0d4                __sinit
 .text.__sfp    0x000000000800b144       0x8c c:/st/stm32cubeide_1.9.0/stm32cubeide/plugins/com.st.stm32cube.ide.mcu.externaltools.gnu-tools-for-stm32.10.3-2021.10.win32_1.0.0.202111181127/tools/bin/../lib/gcc/arm-none-eabi/10.3.1/../../../../arm-none-eabi/lib/thumb/v7e-m+fp/hard\libc_nano.a(lib_a-findfp.o)
                0x000000000800b144                __sfp
 .text._fwalk_reent
                0x000000000800b1d0       0x3e c:/st/stm32cubeide_1.9.0/stm32cubeide/plugins/com.st.stm32cube.ide.mcu.externaltools.gnu-tools-for-stm32.10.3-2021.10.win32_1.0.0.202111181127/tools/bin/../lib/gcc/arm-none-eabi/10.3.1/../../../../arm-none-eabi/lib/thumb/v7e-m+fp/hard\libc_nano.a(lib_a-fwalk.o)
                0x000000000800b1d0                _fwalk_reent
 *fill*         0x000000000800b20e        0x2 
 .text._lseek_r
                0x000000000800b210       0x24 c:/st/stm32cubeide_1.9.0/stm32cubeide/plugins/com.st.stm32cube.ide.mcu.externaltools.gnu-tools-for-stm32.10.3-2021.10.win32_1.0.0.202111181127/tools/bin/../lib/gcc/arm-none-eabi/10.3.1/../../../../arm-none-eabi/lib/thumb/v7e-m+fp/hard\libc_nano.a(lib_a-lseekr.o)
                0x000000000800b210                _lseek_r
 .text.__swhatbuf_r
                0x000000000800b234       0x4a c:/st/stm32cubeide_1.9.0/stm32cubeide/plugins/com.st.stm32cube.ide.mcu.externaltools.gnu-tools-for-stm32.10.3-2021.10.win32_1.0.0.202111181127/tools/bin/../lib/gcc/arm-none-eabi/10.3.1/../../../../arm-none-eabi/lib/thumb/v7e-m+fp/hard\libc_nano.a(lib_a-makebuf.o)
                0x000000000800b234                __swhatbuf_r
 *fill*         0x000000000800b27e        0x2 
 .text.__smakebuf_r
                0x000000000800b280       0x80 c:/st/stm32cubeide_1.9.0/stm32cubeide/plugins/com.st.stm32cube.ide.mcu.externaltools.gnu-tools-for-stm32.10.3-2021.10.win32_1.0.0.202111181127/tools/bin/../lib/gcc/arm-none-eabi/10.3.1/../../../../arm-none-eabi/lib/thumb/v7e-m+fp/hard\libc_nano.a(lib_a-makebuf.o)
                0x000000000800b280                __smakebuf_r
 .text.memmove  0x000000000800b300       0x34 c:/st/stm32cubeide_1.9.0/stm32cubeide/plugins/com.st.stm32cube.ide.mcu.externaltools.gnu-tools-for-stm32.10.3-2021.10.win32_1.0.0.202111181127/tools/bin/../lib/gcc/arm-none-eabi/10.3.1/../../../../arm-none-eabi/lib/thumb/v7e-m+fp/hard\libc_nano.a(lib_a-memmove.o)
                0x000000000800b300                memmove
 .text._realloc_r
                0x000000000800b334       0x5e c:/st/stm32cubeide_1.9.0/stm32cubeide/plugins/com.st.stm32cube.ide.mcu.externaltools.gnu-tools-for-stm32.10.3-2021.10.win32_1.0.0.202111181127/tools/bin/../lib/gcc/arm-none-eabi/10.3.1/../../../../arm-none-eabi/lib/thumb/v7e-m+fp/hard\libc_nano.a(lib_a-nano-reallocr.o)
                0x000000000800b334                _realloc_r
 .text._sungetc_r
                0x000000000800b392       0x7a c:/st/stm32cubeide_1.9.0/stm32cubeide/plugins/com.st.stm32cube.ide.mcu.externaltools.gnu-tools-for-stm32.10.3-2021.10.win32_1.0.0.202111181127/tools/bin/../lib/gcc/arm-none-eabi/10.3.1/../../../../arm-none-eabi/lib/thumb/v7e-m+fp/hard\libc_nano.a(lib_a-nano-svfscanf.o)
                0x000000000800b392                _sungetc_r
 .text.__ssrefill_r
                0x000000000800b40c       0x3a c:/st/stm32cubeide_1.9.0/stm32cubeide/plugins/com.st.stm32cube.ide.mcu.externaltools.gnu-tools-for-stm32.10.3-2021.10.win32_1.0.0.202111181127/tools/bin/../lib/gcc/arm-none-eabi/10.3.1/../../../../arm-none-eabi/lib/thumb/v7e-m+fp/hard\libc_nano.a(lib_a-nano-svfscanf.o)
                0x000000000800b40c                __ssrefill_r
 *fill*         0x000000000800b446        0x2 
 .text.__ssvfscanf_r
                0x000000000800b448      0x2f0 c:/st/stm32cubeide_1.9.0/stm32cubeide/plugins/com.st.stm32cube.ide.mcu.externaltools.gnu-tools-for-stm32.10.3-2021.10.win32_1.0.0.202111181127/tools/bin/../lib/gcc/arm-none-eabi/10.3.1/../../../../arm-none-eabi/lib/thumb/v7e-m+fp/hard\libc_nano.a(lib_a-nano-svfscanf.o)
                0x000000000800b448                __ssvfiscanf_r
                0x000000000800b448                __ssvfscanf_r
 .text._scanf_chars
                0x000000000800b738       0xb4 c:/st/stm32cubeide_1.9.0/stm32cubeide/plugins/com.st.stm32cube.ide.mcu.externaltools.gnu-tools-for-stm32.10.3-2021.10.win32_1.0.0.202111181127/tools/bin/../lib/gcc/arm-none-eabi/10.3.1/../../../../arm-none-eabi/lib/thumb/v7e-m+fp/hard\libc_nano.a(lib_a-nano-vfscanf_i.o)
                0x000000000800b738                _scanf_chars
 .text._scanf_i
                0x000000000800b7ec      0x1f0 c:/st/stm32cubeide_1.9.0/stm32cubeide/plugins/com.st.stm32cube.ide.mcu.externaltools.gnu-tools-for-stm32.10.3-2021.10.win32_1.0.0.202111181127/tools/bin/../lib/gcc/arm-none-eabi/10.3.1/../../../../arm-none-eabi/lib/thumb/v7e-m+fp/hard\libc_nano.a(lib_a-nano-vfscanf_i.o)
                0x000000000800b7ec                _scanf_i
 .text._read_r  0x000000000800b9dc       0x24 c:/st/stm32cubeide_1.9.0/stm32cubeide/plugins/com.st.stm32cube.ide.mcu.externaltools.gnu-tools-for-stm32.10.3-2021.10.win32_1.0.0.202111181127/tools/bin/../lib/gcc/arm-none-eabi/10.3.1/../../../../arm-none-eabi/lib/thumb/v7e-m+fp/hard\libc_nano.a(lib_a-readr.o)
                0x000000000800b9dc                _read_r
 .text.__sccl   0x000000000800ba00       0x70 c:/st/stm32cubeide_1.9.0/stm32cubeide/plugins/com.st.stm32cube.ide.mcu.externaltools.gnu-tools-for-stm32.10.3-2021.10.win32_1.0.0.202111181127/tools/bin/../lib/gcc/arm-none-eabi/10.3.1/../../../../arm-none-eabi/lib/thumb/v7e-m+fp/hard\libc_nano.a(lib_a-sccl.o)
                0x000000000800ba00                __sccl
 .text._raise_r
                0x000000000800ba70       0x50 c:/st/stm32cubeide_1.9.0/stm32cubeide/plugins/com.st.stm32cube.ide.mcu.externaltools.gnu-tools-for-stm32.10.3-2021.10.win32_1.0.0.202111181127/tools/bin/../lib/gcc/arm-none-eabi/10.3.1/../../../../arm-none-eabi/lib/thumb/v7e-m+fp/hard\libc_nano.a(lib_a-signal.o)
                0x000000000800ba70                _raise_r
 .text.raise    0x000000000800bac0       0x10 c:/st/stm32cubeide_1.9.0/stm32cubeide/plugins/com.st.stm32cube.ide.mcu.externaltools.gnu-tools-for-stm32.10.3-2021.10.win32_1.0.0.202111181127/tools/bin/../lib/gcc/arm-none-eabi/10.3.1/../../../../arm-none-eabi/lib/thumb/v7e-m+fp/hard\libc_nano.a(lib_a-signal.o)
                0x000000000800bac0                raise
 .text._kill_r  0x000000000800bad0       0x24 c:/st/stm32cubeide_1.9.0/stm32cubeide/plugins/com.st.stm32cube.ide.mcu.externaltools.gnu-tools-for-stm32.10.3-2021.10.win32_1.0.0.202111181127/tools/bin/../lib/gcc/arm-none-eabi/10.3.1/../../../../arm-none-eabi/lib/thumb/v7e-m+fp/hard\libc_nano.a(lib_a-signalr.o)
                0x000000000800bad0                _kill_r
 .text._getpid_r
                0x000000000800baf4        0x4 c:/st/stm32cubeide_1.9.0/stm32cubeide/plugins/com.st.stm32cube.ide.mcu.externaltools.gnu-tools-for-stm32.10.3-2021.10.win32_1.0.0.202111181127/tools/bin/../lib/gcc/arm-none-eabi/10.3.1/../../../../arm-none-eabi/lib/thumb/v7e-m+fp/hard\libc_nano.a(lib_a-signalr.o)
                0x000000000800baf4                _getpid_r
 .text._strtol_l.constprop.0
                0x000000000800baf8      0x104 c:/st/stm32cubeide_1.9.0/stm32cubeide/plugins/com.st.stm32cube.ide.mcu.externaltools.gnu-tools-for-stm32.10.3-2021.10.win32_1.0.0.202111181127/tools/bin/../lib/gcc/arm-none-eabi/10.3.1/../../../../arm-none-eabi/lib/thumb/v7e-m+fp/hard\libc_nano.a(lib_a-strtol.o)
 .text._strtol_r
                0x000000000800bbfc        0x4 c:/st/stm32cubeide_1.9.0/stm32cubeide/plugins/com.st.stm32cube.ide.mcu.externaltools.gnu-tools-for-stm32.10.3-2021.10.win32_1.0.0.202111181127/tools/bin/../lib/gcc/arm-none-eabi/10.3.1/../../../../arm-none-eabi/lib/thumb/v7e-m+fp/hard\libc_nano.a(lib_a-strtol.o)
                0x000000000800bbfc                _strtol_r
 .text.__submore
                0x000000000800bc00       0x74 c:/st/stm32cubeide_1.9.0/stm32cubeide/plugins/com.st.stm32cube.ide.mcu.externaltools.gnu-tools-for-stm32.10.3-2021.10.win32_1.0.0.202111181127/tools/bin/../lib/gcc/arm-none-eabi/10.3.1/../../../../arm-none-eabi/lib/thumb/v7e-m+fp/hard\libc_nano.a(lib_a-ungetc.o)
                0x000000000800bc00                __submore
 .text._fstat_r
                0x000000000800bc74       0x24 c:/st/stm32cubeide_1.9.0/stm32cubeide/plugins/com.st.stm32cube.ide.mcu.externaltools.gnu-tools-for-stm32.10.3-2021.10.win32_1.0.0.202111181127/tools/bin/../lib/gcc/arm-none-eabi/10.3.1/../../../../arm-none-eabi/lib/thumb/v7e-m+fp/hard\libc_nano.a(lib_a-fstatr.o)
                0x000000000800bc74                _fstat_r
 .text._isatty_r
                0x000000000800bc98       0x20 c:/st/stm32cubeide_1.9.0/stm32cubeide/plugins/com.st.stm32cube.ide.mcu.externaltools.gnu-tools-for-stm32.10.3-2021.10.win32_1.0.0.202111181127/tools/bin/../lib/gcc/arm-none-eabi/10.3.1/../../../../arm-none-eabi/lib/thumb/v7e-m+fp/hard\libc_nano.a(lib_a-isattyr.o)
                0x000000000800bc98                _isatty_r
 .text._malloc_usable_size_r
                0x000000000800bcb8       0x10 c:/st/stm32cubeide_1.9.0/stm32cubeide/plugins/com.st.stm32cube.ide.mcu.externaltools.gnu-tools-for-stm32.10.3-2021.10.win32_1.0.0.202111181127/tools/bin/../lib/gcc/arm-none-eabi/10.3.1/../../../../arm-none-eabi/lib/thumb/v7e-m+fp/hard\libc_nano.a(lib_a-nano-msizer.o)
                0x000000000800bcb8                _malloc_usable_size_r
 *(.glue_7)
 .glue_7        0x000000000800bcc8        0x0 linker stubs
 *(.glue_7t)
 .glue_7t       0x000000000800bcc8        0x0 linker stubs
 *(.eh_frame)
 .eh_frame      0x000000000800bcc8        0x0 c:/st/stm32cubeide_1.9.0/stm32cubeide/plugins/com.st.stm32cube.ide.mcu.externaltools.gnu-tools-for-stm32.10.3-2021.10.win32_1.0.0.202111181127/tools/bin/../lib/gcc/arm-none-eabi/10.3.1/thumb/v7e-m+fp/hard/crtbegin.o
 *(.init)
 .init          0x000000000800bcc8        0x4 c:/st/stm32cubeide_1.9.0/stm32cubeide/plugins/com.st.stm32cube.ide.mcu.externaltools.gnu-tools-for-stm32.10.3-2021.10.win32_1.0.0.202111181127/tools/bin/../lib/gcc/arm-none-eabi/10.3.1/thumb/v7e-m+fp/hard/crti.o
                0x000000000800bcc8                _init
 .init          0x000000000800bccc        0x8 c:/st/stm32cubeide_1.9.0/stm32cubeide/plugins/com.st.stm32cube.ide.mcu.externaltools.gnu-tools-for-stm32.10.3-2021.10.win32_1.0.0.202111181127/tools/bin/../lib/gcc/arm-none-eabi/10.3.1/thumb/v7e-m+fp/hard/crtn.o
 *(.fini)
 .fini          0x000000000800bcd4        0x4 c:/st/stm32cubeide_1.9.0/stm32cubeide/plugins/com.st.stm32cube.ide.mcu.externaltools.gnu-tools-for-stm32.10.3-2021.10.win32_1.0.0.202111181127/tools/bin/../lib/gcc/arm-none-eabi/10.3.1/thumb/v7e-m+fp/hard/crti.o
                0x000000000800bcd4                _fini
 .fini          0x000000000800bcd8        0x8 c:/st/stm32cubeide_1.9.0/stm32cubeide/plugins/com.st.stm32cube.ide.mcu.externaltools.gnu-tools-for-stm32.10.3-2021.10.win32_1.0.0.202111181127/tools/bin/../lib/gcc/arm-none-eabi/10.3.1/thumb/v7e-m+fp/hard/crtn.o
                0x000000000800bce0                . = ALIGN (0x4)
                0x000000000800bce0                _etext = .

.vfp11_veneer   0x000000000800bce0        0x0
 .vfp11_veneer  0x000000000800bce0        0x0 linker stubs

.v4_bx          0x000000000800bce0        0x0
 .v4_bx         0x000000000800bce0        0x0 linker stubs

.iplt           0x000000000800bce0        0x0
 .iplt          0x000000000800bce0        0x0 c:/st/stm32cubeide_1.9.0/stm32cubeide/plugins/com.st.stm32cube.ide.mcu.externaltools.gnu-tools-for-stm32.10.3-2021.10.win32_1.0.0.202111181127/tools/bin/../lib/gcc/arm-none-eabi/10.3.1/thumb/v7e-m+fp/hard/crtbegin.o

.rodata         0x000000000800bce0      0x3ec
                0x000000000800bce0                . = ALIGN (0x4)
 *(.rodata)