../Core/Src/scheduler.c:65:6:Scheduler_Init	4	static
../Core/Src/scheduler.c:82:6:Scheduler_Update_1ms	8	static
../Core/Src/scheduler.c:100:20:Timer_Increment	16	static
../Core/Src/scheduler.c:116:6:Scheduler_Check_Flag	8	static
../Core/Src/scheduler.c:174:13:Timer_Task_1ms	8	static
../Core/Src/scheduler.c:186:13:Timer_Task_5ms	8	static
../Core/Src/scheduler.c:198:13:Timer_Task_10ms	8	static
../Core/Src/scheduler.c:211:13:Timer_Task_50ms	4	static
../Core/Src/scheduler.c:223:13:Timer_Task_100ms	4	static
../Core/Src/scheduler.c:236:13:Timer_Task_250ms	8	static
../Core/Src/scheduler.c:250:13:Timer_Task_500ms	4	static
../Core/Src/scheduler.c:262:13:Timer_Task_1s	8	static
